00000446 A __fixup_entries
00000860 A __got2_entries
fe000044 T version_string
fe000084 T enable_addr_trans
fe000098 T disable_addr_trans
fe0000b8 T get_pvr
fe0000c0 T ppcDWstore
fe0000cc T ppcDWload
fe000100 T _start
fe000154 t in_flash
fe0001a8 T _start_of_vectors
fe000200 t MachineCheck
fe000300 t DataStorage
fe000400 t InstStorage
fe000500 t ExtInterrupt
fe000600 t Alignment
fe000700 t ProgramCheck
fe000800 t FPUnavailable
fe000900 t Decrementer
fe000a00 t Trap_0a
fe000b00 t Trap_0b
fe000c00 t SystemCall
fe000d00 t SingleStep
fe000e00 t Trap_0e
fe000f00 t Trap_0f
fe001000 t InstructionTLBMiss
fe001100 t DataLoadTLBMiss
fe001200 t DataStoreTLBMiss
fe001300 t InstructionBreakpoint
fe001400 t SMI
fe001500 t Trap_15
fe001600 t Trap_16
fe001700 t Trap_17
fe001800 t Trap_18
fe001900 t Trap_19
fe001a00 t Trap_1a
fe001b00 t Trap_1b
fe001c00 t Trap_1c
fe001d00 t Trap_1d
fe001e00 t Trap_1e
fe001f00 t Trap_1f
fe002000 t Trap_20
fe002100 t Trap_21
fe002200 t Trap_22
fe002300 t Trap_23
fe002400 t Trap_24
fe002500 t Trap_25
fe002600 t Trap_26
fe002700 t Trap_27
fe002800 t Trap_28
fe002900 t Trap_29
fe002a00 t Trap_2a
fe002b00 t Trap_2b
fe002c00 t Trap_2c
fe002d00 t Trap_2d
fe002e00 t Trap_2e
fe002f00 t Trap_2f
fe002fa4 T _end_of_vectors
fe003000 T transfer_to_handler
fe003098 t int_return
fe003178 T init_e300_core
fe0031f0 T setup_bats
fe003394 T icache_enable
fe0033bc T icache_disable
fe0033d8 T icache_status
fe0033e4 T dcache_enable
fe003400 T dcache_disable
fe003430 T dcache_status
fe00343c T flush_dcache
fe003460 T relocate_code
fe003570 t in_ram
fe0035d8 t clear_bss
fe003608 T trap_init
fe0036cc t lock_ram_in_cache
fe003700 T unlock_ram_in_cache
fe00374c t map_flash_by_law1
fe003798 t remap_flash_by_law0
fe003814 T print_backtrace
fe003928 T show_regs
fe003a24 T _exception
fe003a6c T dump_pci
fe003a70 T MachineCheckException
fe003b6c T AlignmentException
fe003ba0 T ProgramCheckException
fe003bd4 T UnknownException
fe003c2c T DebugException
fe003c78 T checkcpu
fe003e60 T do_reset
fe003ee8 T get_tbclk
fe003ef8 T cpu_eth_init
fe003f1c T cpu_init_f
fe00406c T cpu_init_r
fe004074 T prt_83xx_rsr
fe004128 T do_clocks
fe0042c8 T get_clocks
fe00476c T interrupt_init_cpu
fe00479c T external_interrupt
fe0047a0 T irq_install_handler
fe0047a4 T irq_free_handler
fe0047a8 T timer_interrupt_cpu
fe0047ac T mpc83xx_pci_init
fe004b68 T ft_pci_setup
fe004cc0 T mpc83xx_pcie_init
fe00515c T ft_cpu_setup
fe005338 T invalidate_dcache_range
fe00533c T flush_dcache_range
fe005340 T board_add_ram_info
fe005414 t fdt_fixup_usb_mode_phy_type
fe005564 T fdt_fixup_dr_usb
fe0057f0 T fdt_fixup_crypto_node
fe005aac T init_early_memctl_regs
fe005b0c T ppcDcbf
fe005b14 T ppcDcbi
fe005b1c T ppcDcbz
fe005b24 T ppcSync
fe005b2c T strcpy
fe005b48 T strncpy
fe005b70 T strcat
fe005b9c T strcmp
fe005bc0 T strlen
fe005bd8 T memset
fe005c34 T bcopy
fe005c44 T memmove
fe005c4c T memcpy
fe005ce8 T backwards_memcpy
fe005d70 T memcmp
fe005da0 T memchr
fe005dc8 T get_ticks
fe005de0 T wait_ticks
fe005e18 T trap_reloc
fe005e40 t init_func_i2c
fe005e90 t init_baudrate
fe005ee4 t init_func_ram
fe005f70 T __board_flash_wp_on
fe005f70 W board_flash_wp_on
fe005f78 T __cpu_secondary_init_r
fe005f78 W cpu_secondary_init_r
fe005f7c T get_effective_memsize
fe005f84 T hang
fe005fb0 T board_init_r
fe006108 T board_init_f
fe006210 t boot_cmdline_linux
fe006280 t boot_bd_t_linux
fe006334 t boot_jump_linux
fe0063e4 T arch_lmb_reserve
fe0064b0 W ft_verify_fdt
fe0064b0 t __ft_verify_fdt
fe0064b8 T do_bootm_linux
fe0066c4 T flush_cache
fe006728 T search_exception_table
fe0067b0 T enable_interrupts
fe0067c0 T disable_interrupts
fe0067d4 T interrupt_init
fe006830 T timer_interrupt
fe006884 T get_timer
fe0068b4 T usec2ticks
fe006938 T __udelay
fe00695c T init_timebase
fe006970 t print_num
fe0069b0 t print_mhz
fe006a00 t print_eth
fe006a70 T do_bdinfo
fe006b68 W do_go_exec
fe006b98 T do_go
fe006c40 t do_imls
fe006d74 t image_info
fe006e60 T do_iminfo
fe006f14 T do_bootd
fe006f60 t do_bootm_rtems
fe006fcc t do_bootm_netbsd
fe007168 t bootm_start
fe0075d8 t bootm_load_os
fe0077dc T __arch_preboot_os
fe0077dc W arch_preboot_os
fe0077e0 T do_bootm_subcommand
fe007ad8 T do_bootm
fe007df0 T bootm_maybe_autostart
fe007e94 T do_coninfo
fe007fdc t cnvrt2
fe008038 T mk_date
fe0082b0 T do_date
fe0083e0 T common_diskboot
fe008658 T do_echo
fe008794 T do_exit
fe0087d8 T do_ext2load
fe008804 T do_ext2ls
fe008830 T do_ext_load
fe008abc T do_ext_ls
fe008bc8 t fdt_valid
fe008cc4 t print_data
fe008edc T set_working_fdt_addr
fe008f2c T do_fdt
fe009d08 t flash_fill_sect_ranges
fe009ec0 t abbrev_spec
fe00a0c4 T do_flinfo
fe00a158 T flash_sect_roundb
fe00a220 t addr_spec
fe00a348 T flash_sect_erase
fe00a404 T do_flerase
fe00a69c T flash_sect_protect
fe00a7e8 T do_protect
fe00ac80 T do_hello
fe00acb8 T do_help
fe00ad1c t get_alen
fe00ad8c t do_i2c
fe00ae34 t do_i2c_reset
fe00ae64 t do_i2c_read
fe00af68 t do_i2c_probe
fe00b01c t do_i2c_md
fe00b28c t mod_i2c_mem
fe00b528 t do_i2c_nm
fe00b560 t do_i2c_mm
fe00b598 t do_i2c_mw
fe00b6ec t do_i2c_loop
fe00b81c t do_i2c_crc
fe00b97c t do_i2c_bus_speed
fe00ba10 t evalstr
fe00ba48 t evalexp
fe00bae4 T binary_test
fe00bd04 T do_itest
fe00bdc0 t bin_data_init
fe00be00 t bin_data_char
fe00be48 t load_serial_ymodem
fe00bf9c t getcxmodem
fe00bfd0 t load_serial
fe00c28c T do_load_serial
fe00c45c T send_pad
fe00c4c4 T ktrans
fe00c4ec T chk1
fe00c524 T s1_sendpacket
fe00c56c T send_ack
fe00c5fc T send_nack
fe00c68c T k_data_init
fe00c6d4 T k_data_save
fe00c728 T k_data_restore
fe00c77c T k_data_char
fe00c814 T handle_send_packet
fe00cac4 T do_load_serial_bin
fe00cfd8 t extract_range
fe00d0a0 t extract_range
fe00d120 T mdio_write_ranges
fe00d248 T mdio_read_ranges
fe00d3e4 T extract_reg_range
fe00d4c4 T extract_phy_range
fe00d5a0 t do_mdio
fe00d7fc T do_mem_crc
fe00d8ec T do_mem_base
fe00d94c T do_mem_mtest
fe00dba4 T do_mem_loop
fe00dd1c T do_mem_cmp
fe00deb4 T do_mem_mw
fe00dfd8 T do_mem_cp
fe00e174 t mod_mem
fe00e37c T do_mem_nm
fe00e3b4 T do_mem_mm
fe00e3ec T do_mem_md
fe00e50c t do_mii
fe00edc8 T do_sleep
fe00ee70 t mtd_part_info
fe00ef44 t index_partitions
fe00f034 t memsize_format
fe00f0b4 t current_save
fe00f170 t part_sort_add
fe00f2ec t part_delall
fe00f378 t device_delall
fe00f430 t mtd_devices_init
fe00f480 t device_del
fe00f538 t memsize_parse
fe00f5bc t get_mtd_info
fe00f658 t part_validate
fe00f9a8 t generate_mtdparts_save
fe00fd00 T mtd_device_validate
fe00fd54 T device_find
fe00fdc8 t device_parse
fe0103a8 T mtd_id_parse
fe01050c T find_dev_and_part
fe010728 T mtdparts_init
fe010dec T do_mtdparts
fe011490 T do_chpart
fe011580 t set_dev
fe01160c t nand_print_and_set_info
fe011708 t nand_load_image
fe0118e4 T do_nandboot
fe011b9c t arg_off
fe011d08 t arg_off_size
fe011ed0 T do_nand
fe012aec T do_ping
fe012b88 t netboot_common
fe012e48 T do_nfs
fe012e70 T do_tftpb
fe012e98 T do_bootp
fe012ec0 t do_env
fe012f68 t do_env_delete
fe012fa0 t do_env_import
fe01325c t do_env_default
fe013324 T do_env_save
fe013370 t env_print
fe013430 T do_env_print
fe013500 T get_env_id
fe01352c T env_check_apply
fe013778 T _do_env_set
fe013990 T do_env_set
fe0139d0 t do_env_export
fe013d50 T setenv
fe013dcc T envmatch
fe013e74 T getenv_f
fe013fa0 T getenv
fe014034 T getenv_ulong
fe014090 T do_env_edit
fe014168 t pci_cfg_write
fe0141b8 t pci_cfg_modify
fe014380 T pci_header_show_brief
fe014424 T pci_header_show
fe014c60 T pciinfo
fe014e48 T do_pci
fe0152e0 T __sata_initialize
fe0152e0 W sata_initialize
fe015428 T do_sata
fe0158f8 T sata_get_dev
fe015940 T source
fe015a70 T do_source
fe015adc T do_false
fe015ae4 T do_true
fe015aec T do_test
fe0160b8 T do_usbboot
fe0160ec T usb_get_class_desc
fe0161b4 T usb_display_class_sub
fe016380 T usb_display_string
fe0163e4 T usb_display_desc
fe016510 T usb_display_conf_desc
fe0165d0 T usb_display_if_desc
fe016678 T usb_display_ep_desc
fe01675c T usb_display_config
fe01684c T usb_show_tree_graph
fe016b00 T usb_show_tree
fe016b44 T do_usb
fe0170ec T do_version
fe017138 T do_imgextract
fe017418 T find_cmd_tbl
fe017520 T find_cmd
fe01756c T cmd_usage
fe0175e8 T _do_help
fe017820 T var_complete
fe0178b4 T cmd_auto_complete
fe017eb8 T cmd_get_data_size
fe017f5c T cmd_process
fe018060 t console_setfile
fe018140 T fgetc
fe018194 T ftstc
fe0181e8 T fputc
fe018238 T fputs
fe018288 T getc
fe0182cc T tstc
fe018310 T putc
fe018358 T puts
fe0183a0 T printf
fe018434 T vprintf
fe018490 T ctrlc
fe018518 T had_ctrlc
fe018544 T clear_ctrlc
fe018574 T search_device
fe0185bc T console_assign
fe018628 T console_init_f
fe018638 T stdio_print_current_devices
fe0186f4 T console_init_r
fe01881c T sbrk
fe0188b0 T mem_malloc_init
fe018904 T malloc_trim
fe018a10 T free
fe018cb8 T malloc
fe019428 T calloc
fe019548 T memalign
fe0196a4 T realloc
fe019c38 W env_get_char_spec
fe019c38 t __env_get_char_spec
fe019c44 T env_get_addr
fe019c88 T env_get_char_memory
fe019cac T env_get_char
fe019d08 T set_default_env
fe019dc8 T set_default_vars
fe019e18 T env_import
fe019efc T env_relocate
fe019f4c T env_complete
fe01a0a4 T env_init
fe01a128 T saveenv
fe01a2c0 T env_relocate_spec
fe01a2e8 t dummy
fe01a2ec T get_version
fe01a2f4 T jumptable_init
fe01a474 t write_cell
fe01a4c4 t of_bus_default_map
fe01a5dc t of_bus_default_count_cells
fe01a69c t get_cells_len
fe01a6f0 t of_bus_default_translate
fe01a7cc T fdt_find_and_setprop
fe01a88c T fdt_initrd
fe01aa90 T fdt_chosen
fe01acd4 T do_fixup_by_path
fe01ad3c T do_fixup_by_prop
fe01ae58 T do_fixup_by_prop_u32
fe01ae8c T do_fixup_by_compat
fe01af80 T do_fixup_by_compat_u32
fe01afb4 T fdt_fixup_memory_banks
fe01b1f0 T fdt_fixup_memory
fe01b22c T fdt_fixup_ethernet
fe01b3f4 T fdt_resize
fe01b4e4 T flash_protect
fe01b638 T addr2info
fe01b6b8 T flash_write
fe01b850 T flash_perror
fe01b968 t b_reset
fe01b98c t static_get
fe01b9b0 t static_peek
fe01b9bc t file_peek
fe01b9c8 t setup_string_in_str
fe01ba0c t is_assignment
fe01ba80 t syntax_err
fe01bab4 T do_showvar
fe01bc5c t xmalloc
fe01bca0 t file_get
fe01befc t free_pipe_list
fe01c060 t b_free
fe01c0a0 t xrealloc
fe01c0e4 t done_command
fe01c1a4 t b_addchr
fe01c260 t b_addqchr
fe01c2dc T get_local_var
fe01c3b4 T set_local_var
fe01c5cc t insert_var_value_sub
fe01c948 t insert_var_value
fe01c96c T new_pipe
fe01c9a8 t initialize_context
fe01ca0c t done_pipe
fe01ca84 T reserved_word
fe01cc58 t done_word
fe01ce68 T mapset
fe01ceac T update_ifs_map
fe01cf54 T parse_string_outer
fe01d054 t run_list_real
fe01d9b4 t parse_stream_outer
fe01e100 T parse_file_outer
fe01e15c T u_boot_hush_start
fe01e1d0 t hwconfig_parse
fe01e378 t __hwconfig
fe01e47c T hwconfig_f
fe01e4b0 T hwconfig_arg_f
fe01e4d0 T hwconfig_arg_cmp_f
fe01e550 T hwconfig_sub_f
fe01e5c4 T hwconfig_subarg_f
fe01e63c T hwconfig_subarg_cmp_f
fe01e6bc t fdt_error
fe01e70c T image_check_hcrc
fe01e76c T image_check_dcrc
fe01e7b8 T image_multi_count
fe01e7e8 T image_multi_getimg
fe01e8c4 T getenv_yesno
fe01e904 T getenv_bootm_low
fe01e958 T getenv_bootm_size
fe01e9d0 T getenv_bootm_mapsize
fe01ea20 T memmove_wd
fe01ea48 T genimg_print_size
fe01ea9c T get_table_entry_name
fe01ead8 T genimg_get_os_name
fe01eb14 T genimg_get_arch_name
fe01eb50 T genimg_get_type_name
fe01eb8c T genimg_get_comp_name
fe01ebc8 T image_print_contents
fe01eda0 T genimg_get_format
fe01edec T genimg_get_image
fe01edf0 T genimg_has_config
fe01edf8 T boot_get_ramdisk
fe01f07c T boot_ramdisk_high
fe01f208 T boot_fdt_add_mem_rsv_regions
fe01f2dc T boot_relocate_fdt
fe01f4d8 T boot_get_fdt
fe01f784 T boot_get_cmdline
fe01f840 T boot_get_kbd
fe01f8c8 t delete_char
fe01fa14 t cread_add_char
fe01fb40 t cread_add_str
fe01fbe4 T __show_boot_progress
fe01fbe4 W show_boot_progress
fe01fbe8 T readline_into_buffer
fe020728 T readline
fe020768 T run_command
fe02078c T run_command_list
fe020828 T main_loop
fe0209bc T do_run
fe020a7c t legacy_miiphy_read
fe020acc t legacy_miiphy_write
fe020b08 T miiphy_get_dev_by_name
fe020bac T miiphy_init
fe020be8 T mdio_alloc
fe020c38 T miiphy_register
fe020d78 T mdio_register
fe020e54 T mdio_list_devices
fe020f64 T miiphy_set_current_dev
fe020fc8 t miiphy_get_active_dev
fe021050 T mdio_get_current_dev
fe02107c T mdio_phydev_for_ethname
fe02116c T miiphy_get_current_dev
fe0211ac T miiphy_read
fe021238 T miiphy_write
fe0212b0 T miiphy_listdev
fe021350 T miiphy_info
fe021438 T miiphy_speed
fe021520 T miiphy_duplex
fe021608 T miiphy_is_1000base_x
fe021610 t hex1_bin
fe021660 t hex2_bin
fe0216d0 T srec_decode
fe0219d4 T stdio_get_list
fe021a00 T stdio_get_by_name
fe021a9c T stdio_clone
fe021b18 T stdio_register
fe021b7c T stdio_init
fe021c1c t usb_set_maxpacket_ep
fe021cd8 T usb_stop
fe021d38 T usb_disable_asynch
fe021d74 T usb_control_msg
fe021eb0 t usb_get_descriptor
fe021f1c t usb_get_string
fe021fec t usb_string_sub
fe02216c T usb_bulk_msg
fe022248 T usb_maxpacket
fe022270 T usb_clear_halt
fe022348 T usb_get_configuration_no
fe02241c T usb_set_interface
fe022530 T usb_string
fe0226c8 T usb_get_dev_index
fe022710 T usb_alloc_new_device
fe0227a8 T usb_new_device
fe022d94 T usb_init
fe022ec8 t usb_get_hub_descriptor
fe022f2c t usb_get_port_status
fe022f90 t usb_set_port_feature
fe022ff0 t usb_clear_port_feature
fe023050 t usb_hub_power_on
fe0230dc T usb_hub_reset
fe02310c T hub_port_reset
fe023240 T usb_hub_port_connect_change
fe0233ac t usb_hub_configure
fe0236fc T usb_hub_probe
fe023788 t usb_stor_irq
fe0237a8 t usb_request_sense
fe02384c t usb_stor_BBB_reset
fe023964 t usb_stor_CB_reset
fe023a70 T usb_stor_get_dev
fe023ac0 T usb_show_progress
fe023ac4 T usb_stor_write
fe023d2c T usb_stor_read
fe023f94 T usb_stor_info
fe024044 T usb_stor_BBB_comdat
fe02418c T usb_stor_CB_comdat
fe02446c T usb_stor_CBI_get_status
fe0245a0 T usb_stor_CB_transport
fe024840 T usb_stor_BBB_clear_endpt_stall
fe0248a4 T usb_stor_BBB_transport
fe024b6c T usb_storage_probe
fe024e18 T usb_stor_get_info
fe025140 T usb_stor_scan
fe0253b4 T CYGACC_COMM_IF_GETC_TIMEOUT
fe025434 t xyzModem_flush
fe025484 T CYGACC_COMM_IF_PUTC
fe0254a8 t xyzModem_get_hdr
fe0257ec T parse_num
fe025954 T xyzModem_stream_open
fe025b28 T xyzModem_stream_read
fe025e30 T xyzModem_stream_close
fe025e94 T xyzModem_stream_terminate
fe025f98 T xyzModem_error
fe026024 T get_dev
fe0260d8 T dev_print
fe026384 T init_part
fe0263cc T print_part
fe0264c0 T get_partition_info
fe026504 T get_device
fe0265d4 T get_device_and_partition
fe0269e0 t get_partition_info_extended
fe026d48 t test_block_type
fe026de0 t print_partition_extended
fe027094 T test_part_dos
fe027130 T print_part_dos
fe027184 T get_partition_info_dos
fe0271bc t fsl_sata_get_wcache
fe0271fc t ata_wait_register
fe0272d4 t fsl_ata_exec_ata_cmd
fe0279d4 t fsl_sata_exec_cmd
fe027a78 t fsl_sata_rw_cmd
fe027b6c t fsl_sata_rw_cmd_ext
fe027c78 T init_sata
fe028054 T fsl_sata_flush_cache
fe0280e4 T fsl_sata_rw_ncq_cmd
fe028218 T fsl_sata_flush_cache_ext
fe0282a8 T ata_low_level_rw_lba48
fe0283f8 T ata_low_level_rw_lba28
fe0284b4 T sata_read
fe028518 T sata_write
fe028614 T scan_sata
fe02899c T ata_id_n_sectors
fe028a40 T ata_dev_classify
fe028ab8 T ata_id_c_string
fe028b60 T ata_swap_buf_le16
fe028b98 t set_i2c_bus_speed
fe028d20 t i2c_wait4bus
fe028e00 T get_i2c_clock
fe028e18 T i2c_init
fe028f08 T i2c_read
fe029478 T i2c_write
fe029840 T i2c_probe
fe0298b8 T i2c_set_bus_num
fe0298f8 T i2c_set_bus_speed
fe02999c T i2c_get_bus_speed
fe0299d4 T add_mtd_device
fe029a88 T get_mtd_device_nm
fe029b3c t __flash_write8
fe029b44 t __flash_write16
fe029b4c t __flash_write32
fe029b54 t __flash_write64
fe029b60 t __flash_read8
fe029b68 t __flash_read16
fe029b70 t __flash_read32
fe029b78 t __flash_read64
fe029b8c t flash_make_cmd
fe029bf0 t flash_isequal
fe029d00 t flash_isset
fe029e1c t use_flash_status_poll
fe029e24 t flash_status_poll
fe029e2c t flash_add_byte
fe029eb8 t find_sector
fe029fcc t cfi_reverse_geometry
fe02a02c W cfi_flash_bank_addr
fe02a02c t __cfi_flash_bank_addr
fe02a034 W cfi_flash_bank_size
fe02a034 t __cfi_flash_bank_size
fe02a03c T flash_get_info
fe02a064 T flash_write_cmd
fe02a138 t flash_unlock_seq
fe02a194 t flash_status_check
fe02a47c t flash_full_status_check
fe02a620 t flash_write_cfiword
fe02a8e0 T flash_erase
fe02ab64 T flash_print_info
fe02ade8 T write_buff
fe02b0f4 T flash_real_protect
fe02b50c T __flash_cmd_reset
fe02b50c W flash_cmd_reset
fe02b560 T flash_get_size
fe02bfa0 T flash_protect_default
fe02c020 T flash_init
fe02c16c T nand_register
fe02c234 T nand_init
fe02c278 t scan_read_raw_oob
fe02c394 t scan_read_raw
fe02c3e8 t bbt_get_ver_offs
fe02c408 t read_bbt
fe02c7bc t read_abs_bbt
fe02c978 t write_bbt
fe02d10c t verify_bbt_descr
fe02d34c t check_pattern
fe02d5ac t create_bbt
fe02da54 t search_bbt
fe02dd48 T nand_update_bbt
fe02df20 t mark_bbt_region
fe02e1b8 T nand_scan_bbt
fe02e74c T nand_default_bbt
fe02e8a0 T nand_isbad_bbt
fe02e90c t check_skip_len
fe02ea54 T nand_erase_opts
fe02ee54 T nand_write_skip_bad
fe02f0bc T nand_read_skip_bad
fe02f328 T nand_calculate_ecc
fe02f484 T nand_correct_data
fe02f5b4 t nand_release_device
fe02f5e4 T nand_read_byte
fe02f604 t nand_read_byte16
fe02f62c t nand_read_word
fe02f64c T nand_write_buf
fe02f678 T nand_read_buf
fe02f6ac t nand_verify_buf
fe02f73c T nand_write_buf16
fe02f778 T nand_read_buf16
fe02f7bc t nand_verify_buf16
fe02f854 t nand_check_wp
fe02f8d8 t nand_get_device
fe02f8e4 t nand_read_page_raw
fe02f950 t nand_read_page_raw_syndrome
fe02fa8c t nand_read_page_swecc
fe02fc04 t nand_read_subpage
fe02ff34 t nand_read_page_hwecc
fe0300e4 t nand_read_page_hwecc_oob_first
fe03029c t nand_read_page_syndrome
fe030440 t nand_read_oob_std
fe0304c8 t nand_read_oob_syndrome
fe03064c t nand_write_oob_std
fe030714 t nand_write_oob_syndrome
fe030954 t nand_write_page_raw
fe0309bc t nand_write_page_raw_syndrome
fe030af4 t nand_write_page_swecc
fe030c0c t nand_write_page_hwecc
fe030d44 t nand_write_page_syndrome
fe030ea8 t single_erase_cmd
fe030f18 t multi_erase_cmd
fe030fe8 t nand_sync
fe031028 t nand_select_chip
fe0310a0 t nand_block_checkbad
fe03116c t nand_block_isbad
fe0311bc t nand_block_markbad
fe031244 t nand_write_page
fe0313ac t nand_block_bad
fe0315ac t nand_fill_oob
fe03171c t nand_do_write_oob
fe0319b8 t nand_do_write_ops
fe031da0 t nand_write_oob
fe031eb4 t nand_write
fe031fc4 t nand_transfer_oob
fe032134 t nand_default_block_markbad
fe032374 t nand_wait
fe0324b0 T nand_wait_ready
fe032534 t nand_do_read_ops
fe0329c0 t nand_read_oob
fe032d80 t nand_read
fe032e90 t nand_command
fe0330ec t nand_command_lp
fe0333ec T nand_erase_nand
fe033938 t nand_erase
fe03395c T nand_scan_ident
fe034258 T nand_scan_tail
fe034834 t set_addr
fe034900 t fsl_elbc_do_read
fe03496c t fsl_elbc_select_chip
fe034970 t fsl_elbc_verify_buf
fe034abc t fsl_elbc_read_byte
fe034b38 t fsl_elbc_run_command
fe034c88 t fsl_elbc_wait
fe034d6c t fsl_elbc_cmdfunc
fe035128 t fsl_elbc_read_buf
fe0351d4 t fsl_elbc_read_page
fe035250 t fsl_elbc_write_buf
fe03533c t fsl_elbc_write_page
fe035394 T board_nand_init
fe035650 t wait_for_eepro100
fe0356b0 t read_eeprom
fe035838 t init_rx_ring
fe035934 t eepro100_recv
fe035b60 t eepro100_halt
fe035c28 t get_phyreg
fe035ce4 t verify_phyaddr
fe035da0 t eepro100_miiphy_write
fe035ec0 t eepro100_miiphy_read
fe035f60 t eepro100_send
fe0361e0 t eepro100_init
fe036668 T eepro100_initialize
fe03690c t fsl_pq_mdio_reset
fe036948 T tsec_local_mdio_write
fe036994 T tsec_phy_write
fe0369bc T tsec_local_mdio_read
fe036a2c T tsec_phy_read
fe036a50 T fsl_pq_mdio_init
fe036ae0 t tsec_send
fe036c00 t tsec_recv
fe036d84 t tsec_halt
fe036e2c t tsec_init
fe037240 T tsec_eth_init
fe0375bc T tsec_standard_init
fe037620 T genphy_shutdown
fe037628 T genphy_config_advert
fe0377c0 T genphy_setup_forced
fe03783c T genphy_restart_aneg
fe0378ac T genphy_config_aneg
fe037960 T genphy_config
fe037a54 T genphy_update_link
fe037c04 T genphy_startup
fe037ddc T phy_init
fe037e20 T phy_register
fe037e64 T phy_probe
fe037eb8 T get_phy_driver
fe037f44 T phy_device_create
fe03802c T get_phy_id
fe0380e8 T get_phy_device
fe038218 T phy_reset
fe038320 T phy_connect
fe0383f4 T phy_startup
fe038434 W board_phy_config
fe038434 t __board_phy_config
fe038474 T phy_config
fe038498 T phy_shutdown
fe0384d8 t ar8021_config
fe038544 T phy_atheros_init
fe03857c t bcm54xx_parse_status
fe038680 t bcm54xx_startup
fe0386b8 t bcm5482_config
fe03881c t bcm5461_config
fe038854 t bcm5482_startup
fe0389f0 T phy_broadcom_init
fe038a38 t dm9161_startup
fe038abc t dm9161_config
fe038b50 T phy_davicom_init
fe038b88 t lxt971_startup
fe038c3c T phy_lxt_init
fe038c74 t m88e1011s_config
fe038d90 t m88e1121_config
fe038e8c t m88e1111s_config
fe03922c t m88e1118_config
fe039308 t m88e1145_config
fe039438 t m88e1149_config
fe039514 t m88e1xxx_parse_status
fe0396c4 t m88e1118_startup
fe039720 t m88e1145_startup
fe039778 t m88e1011s_startup
fe0397b0 T phy_marvell_init
fe039810 T phy_micrel_init
fe039850 t dp83865_startup
fe0398ec t dp83865_config
fe039944 T phy_natsemi_init
fe03997c t rtl8211b_startup
fe039b20 t rtl8211b_config
fe039b78 T phy_realtek_init
fe039bb0 t cis8204_config
fe039c64 t vitesse_config
fe039cd8 T vsc8601_config
fe039cfc t vitesse_startup
fe039d98 T phy_vitesse_init
fe039e10 T pci_hose_read_config_byte
fe039e38 T pci_hose_read_config_word
fe039e60 T pci_hose_read_config_dword
fe039e88 T pci_hose_write_config_byte
fe039eb0 T pci_hose_write_config_word
fe039ed8 T pci_hose_write_config_dword
fe039f00 T pci_register_hose
fe039f5c T pci_bus_to_hose
fe039fcc T pci_write_config_dword
fe03a03c T pci_write_config_word
fe03a0ac T pci_write_config_byte
fe03a11c T pci_read_config_dword
fe03a194 T pci_read_config_word
fe03a20c T pci_read_config_byte
fe03a284 T pci_last_busno
fe03a2d8 T pci_find_devices
fe03a448 T __pci_hose_phys_to_bus
fe03a4f0 T pci_hose_phys_to_bus
fe03a5a8 T __pci_hose_bus_to_phys
fe03a650 T pci_hose_bus_to_phys
fe03a708 T pci_class_str
fe03a870 T __pci_skip_dev
fe03a870 W pci_skip_dev
fe03a888 T pci_hose_scan_bus
fe03aa14 T pci_hose_scan
fe03aa64 T pci_init
fe03aaa0 T pciauto_region_init
fe03aab8 T pciauto_region_align
fe03aad4 T pciauto_region_allocate
fe03ab2c T pciauto_setup_device
fe03ad7c T pciauto_prescan_setup_bridge
fe03af48 T pciauto_postscan_setup_bridge
fe03b068 T pciauto_config_init
fe03b1b8 T pciauto_config_device
fe03b334 t indirect_read_config_byte
fe03b38c t indirect_read_config_word
fe03b3e4 t indirect_read_config_dword
fe03b434 t indirect_write_config_byte
fe03b480 t indirect_write_config_word
fe03b4cc t indirect_write_config_dword
fe03b510 T pci_setup_indirect
fe03b56c T GregorianDay
fe03b6a8 T to_tm
fe03b818 t rtc_write
fe03b854 t rtc_read
fe03b88c T rtc_get
fe03ba74 T rtc_set
fe03bc4c T rtc_reset
fe03bc50 T NS16550_init
fe03bcc4 T NS16550_reinit
fe03bd3c T NS16550_putc
fe03bd64 T NS16550_getc
fe03bd94 T NS16550_tstc
fe03bdac t calc_divisor
fe03bdcc T serial_init
fe03be2c T _serial_putc
fe03bea8 T _serial_puts
fe03bf04 T _serial_getc
fe03bf44 T _serial_tstc
fe03bf84 T _serial_setbrg
fe03bfdc T serial_putc
fe03c000 T serial_puts
fe03c024 T serial_getc
fe03c048 T serial_tstc
fe03c06c T serial_setbrg
fe03c090 t ehci_td_buffer
fe03c168 t handshake
fe03c210 t ehci_submit_async
fe03c9d4 T __ehci_powerup_fixup
fe03c9d4 W ehci_powerup_fixup
fe03c9f8 T ehci_submit_root
fe03d17c T usb_lowlevel_stop
fe03d19c T usb_lowlevel_init
fe03d404 T submit_bulk_msg
fe03d440 T submit_control_msg
fe03d4b0 T submit_int_msg
fe03d544 T ehci_hcd_init
fe03d70c T ehci_hcd_stop
fe03d714 T get_fs
fe03d73c T ext4fs_free_node
fe03d788 T ext4fs_read_file
fe03da58 T ext4fs_ls
fe03daf0 T ext4fs_read
fe03db5c T ext4fs_read_inode
fe03dcd8 T read_allocated_block
fe03ea64 T ext4fs_close
fe03eb80 T ext4fs_iterate_dir
fe03ef90 t ext4fs_find_file1
fe03f324 T ext4fs_find_file
fe03f3d0 T ext4fs_open
fe03f4b0 T ext4fs_mount
fe03f5fc T ext4fs_set_blk_dev
fe03f670 T ext4fs_devread
fe03f8e8 T fdt_check_header
fe03f954 T fdt_offset_ptr
fe03f9ac T fdt_next_tag
fe03fb00 T _fdt_check_node_offset
fe03fb5c T _fdt_check_prop_offset
fe03fbb8 T fdt_next_node
fe03fcd4 T _fdt_find_string
fe03fd74 T fdt_move
fe03fdf4 t _nextprop
fe03fe78 T fdt_string
fe03fe88 T fdt_get_mem_rsv
fe03ff24 T fdt_num_mem_rsv
fe03ff64 T fdt_subnode_offset_namelen
fe04009c T fdt_get_name
fe04014c T fdt_first_property_offset
fe040190 T fdt_next_property_offset
fe0401d4 T fdt_get_property_by_offset
fe040260 T fdt_get_property_namelen
fe04035c T fdt_get_property
fe0403d0 T fdt_getprop_namelen
fe040404 T fdt_getprop
fe040478 T fdt_get_alias_namelen
fe0404f4 T fdt_path_offset
fe040640 T fdt_node_offset_by_prop_value
fe04072c T fdt_node_check_compatible
fe040824 T fdt_node_offset_by_compatible
fe0408dc t _fdt_blocks_misordered
fe040934 t _fdt_rw_check_header
fe0409c8 t _fdt_packblocks
fe040a7c t _fdt_splice
fe040b08 t _fdt_splice_struct
fe040b78 t _fdt_splice_mem_rsv
fe040bf4 T fdt_add_mem_rsv
fe040cc0 T fdt_del_mem_rsv
fe040d48 T fdt_setprop
fe040f48 T fdt_delprop
fe040fdc T fdt_add_subnode_namelen
fe041124 T fdt_add_subnode
fe041188 T fdt_del_node
fe041204 T fdt_open_into
fe0413e8 T fdt_strerror
fe041458 T _fdt_node_end_offset
fe0414b4 T cyg_crc16
fe04151c T crc32_no_comp
fe041664 T crc32
fe04168c T crc32_wd
fe0416ac T display_options
fe0416e8 T print_size
fe0418fc T print_buffer
fe041b54 T __div64_32
fe041c94 T gzfree
fe041cb8 T gzalloc
fe041ce4 T zunzip
fe041e54 T gunzip
fe041f38 t drop_var_from_set
fe042004 t cmpkey
fe042034 T hcreate_r
fe042134 T hdestroy_r
fe042238 T hmatch_r
fe04233c T hsearch_r
fe0426e8 T hdelete_r
fe0427dc T hexport_r
fe042b50 T himport_r
fe043000 t lmb_addrs_adjacent
fe043030 t lmb_remove_region
fe043094 t lmb_add_region
fe043324 t lmb_align_down
fe043330 T lmb_init
fe04335c T lmb_add
fe04337c T lmb_free
fe043498 T lmb_reserve
fe0434bc T lmb_overlaps_region
fe043524 T __lmb_alloc_base
fe0436d0 T lmb_alloc_base
fe04373c T lmb_alloc
fe043760 T __board_lmb_reserve
fe043760 W board_lmb_reserve
fe043764 T string_to_ip
fe0437fc T qsort
fe043954 T strcmp_compar
fe04397c T strncat
fe0439dc T strncmp
fe043a60 T strchr
fe043aa4 T strrchr
fe043b08 T strnlen
fe043b50 T strdup
fe043bbc T strpbrk
fe043c20 T strstr
fe043cd8 T strmhz
fe043d74 T udelay
fe043ddc T mdelay
fe043e18 t skip_atoi
fe043e78 t put_dec_trunc
fe043fa0 t string
fe0440bc t put_dec
fe0442a4 t number
fe0445f0 T simple_strtoul
fe044704 T strict_strtoul
fe0447d0 T simple_strtol
fe04480c T simple_strtoull
fe044974 T vsprintf
fe0453f8 T sprintf
fe045454 T panic
fe0454d0 T zcfree
fe0454f4 T zcalloc
fe045518 T inflate_fast
fe045b4c T inflate_table
fe046158 T inflateReset
fe0461e0 T inflateInit2_
fe046340 T inflateEnd
fe0463dc T adler32
fe0467d0 T inflate
fe048448 T ArpInit
fe0484a4 T arp_raw_request
fe0485ac T ArpRequest
fe048654 T ArpTimeoutCheck
fe0486ec T ArpReceive
fe04890c t truncate_sz
fe048968 t BootpHandler
fe048da8 T BootpRequest
fe048ff0 t BootpTimeout
fe04904c t __def_eth_init
fe049054 t eth_current_changed
fe0490d4 T eth_parse_enetaddr
fe049160 T eth_getenv_enetaddr
fe0491dc T eth_setenv_enetaddr
fe049230 T eth_getenv_enetaddr_by_index
fe049298 T eth_get_dev_by_name
fe04934c T eth_get_dev_index
fe04938c T eth_write_hwaddr
fe04959c T eth_register
fe049640 T eth_initialize
fe04988c T eth_halt
fe0498e4 T eth_send
fe049940 T eth_rx
fe049990 T eth_try_another
fe049a38 T eth_init
fe049b48 T eth_set_current
fe049c20 T eth_get_name
fe049c58 t startAgainTimeout
fe049c88 t dummy_handler
fe049c8c T net_auto_load
fe049d04 T net_set_udp_handler
fe049d48 T net_get_arp_handler
fe049d74 T net_set_arp_handler
fe049db8 T NetSetTimeout
fe049e38 T NetStartAgain
fe049f90 t net_clear_handlers
fe049fc8 t net_cleanup_loop
fe049fe8 T NetCksum
fe04a034 T NetCksumOk
fe04a064 T NetReceive
fe04a2c8 T NetEthHdrSize
fe04a31c T NetSetEther
fe04a3e4 T net_update_ether
fe04a47c T net_set_ip_header
fe04a520 T net_set_udp_header
fe04a5e0 T NetSendUDPPacket
fe04a728 T copy_filename
fe04a78c T ip_to_string
fe04a7d8 T string_to_VLAN
fe04a834 T getenv_VLAN
fe04a858 t NetInitLoop
fe04a934 T net_init
fe04a9c0 T NetLoop
fe04ad78 t basename
fe04ade4 t dirname
fe04ae1c t rpc_add_credentials
fe04aef0 t rpc_lookup_reply
fe04afd4 t nfs_mount_reply
fe04b0a0 t nfs_umountall_reply
fe04b158 t nfs_lookup_reply
fe04b218 t rpc_req
fe04b33c t rpc_lookup_req
fe04b398 t nfs_mount_req
fe04b44c t nfs_umountall_req
fe04b4c8 t nfs_lookup_req
fe04b594 t nfs_read_req
fe04b634 t nfs_readlink_req
fe04b6ac t NfsSend
fe04b76c t nfs_readlink_reply
fe04b8ac t nfs_read_reply
fe04ba40 t NfsHandler
fe04bcb8 t NfsTimeout
fe04bd24 T NfsStart
fe04bf5c t ping_timeout
fe04bf98 T ping_start
fe04c0d0 T ping_receive
fe04c204 t TftpSend
fe04c3b0 t TftpTimeout
fe04c43c t TftpHandler
fe04c7ac T TftpStart
fe04caa8 T board_early_init_f
fe04cacc T checkboard
fe04cb4c T pci_init_board
fe04cc8c T fdt_tsec1_fixup
fe04cd78 T ft_board_setup
fe04cddc T board_eth_init
fe04ce10 T initdram
fe04cfa4 T __lshrdi3
fe04cff0 t .LANCHOR0
fe04d144 t .LANCHOR1
fe04d1d0 t .LANCHOR1
fe04d1e0 t .LANCHOR0
fe04d210 t .LANCHOR1
fe04d254 t .LANCHOR2
fe04d25c t .LANCHOR10
fe04d264 t .L20
fe04d308 t .L133
fe04d340 t .L113
fe04d360 t .L79
fe04d380 t .L7
fe04d3a0 t .LANCHOR0
fe04d3a0 t __FUNCTION__.4417
fe04d3b4 t .LANCHOR2
fe04d3b4 t __FUNCTION__.4474
fe04d3c4 t .LANCHOR0
fe04d3c4 t __FUNCTION__.4549
fe04d3d8 t .LANCHOR1
fe04d3d8 t __FUNCTION__.4650
fe04d3e4 t .LANCHOR0
fe04d3e4 t __FUNCTION__.4796
fe04d3f8 t .LANCHOR2
fe04d3f8 t __FUNCTION__.4882
fe04d40c t .LANCHOR0
fe04d40c t __FUNCTION__.5001
fe04d424 t .LANCHOR1
fe04d424 t __FUNCTION__.5122
fe04d434 t .LANCHOR9
fe04d434 t __FUNCTION__.5306
fe04d444 t .LANCHOR0
fe04d444 t __func__.3988
fe04d44c t .LANCHOR0
fe04d44c t __func__.3994
fe04d45c t .LANCHOR1
fe04d45c t __func__.4005
fe04d468 t .LANCHOR2
fe04d468 t __func__.4021
fe04d478 t .LANCHOR4
fe04d478 t __func__.4205
fe04d488 t .LANCHOR1
fe04d488 t __func__.4239
fe04d498 t .LANCHOR0
fe04d498 t __func__.4324
fe04d4ac t .LANCHOR4
fe04d4ac t __func__.4582
fe04d4bc t .LANCHOR1
fe04d4bc t __func__.4903
fe04d4c8 t .LANCHOR3
fe04d4c8 t __func__.5215
fe04d4d8 t .LANCHOR4
fe04d4d8 t __func__.5263
fe04d4ec T _ctype
fe04d5ec t .LANCHOR3
fe04d5ec t baudrate_table
fe04d614 t .L9
fe04d634 t .L25
fe04d64c t .L34
fe04d664 t .LANCHOR0
fe04d664 t crc_table
fe04da64 T default_environment
fe04de60 t .L17
fe04de84 t .LANCHOR0
fe04de84 t digits.3926
fe04de94 t .L93
fe04debc t .L71
fe04df0c t .L115
fe04df60 t .LANCHOR0
fe04df60 t erase_seq
fe04df64 t .L18
fe04df8c t .LANCHOR2
fe04df8c t flash_offset_cfi
fe04df94 t .L40
fe04dfac t .LANCHOR0
fe04dfac t fsl_sata_info
fe04dfbc t .L44
fe04dfec t .L12
fe04e010 T hex_asc
fe04e024 t .LANCHOR0
fe04e024 t i2c_dev
fe04e02c t .LANCHOR5
fe04e02c t i82558_config_cmd
fe04e044 t .L235
fe04e0b8 t .L79
fe04e154 t .LANCHOR0
fe04e154 t mpc83xx_pcie_cfg_space
fe04e164 t .LANCHOR0
fe04e164 t names.3836
fe04e16c t .LANCHOR0
fe04e16c t nand_ecc_precalc_table
fe04e26c t .L669
fe04e284 t .L45
fe04e2a8 t .L56
fe04e2c8 t .LANCHOR0
fe04e2c8 t serial_ports
fe04e2d8 t .L25
fe05bbdc t .LANCHOR1
fe05bbdc t tab_seq
fe05bbe8 t .LANCHOR3
fe05bbe8 t us_direction
fe05bc08 t .L37
fe05bc24 t .L158
fe05bc68 t .L184
fe05bdb8 t .L155
fe05bdd8 t .LANCHOR0
fe05bdd8 t crc16_tab
fe05bfd8 t .LANCHOR1
fe05bfd8 t dbase.4179
fe05c018 t .LANCHOR0
fe05c018 t dext.4180
fe05c058 t .LANCHOR5
fe05c058 t distfix
fe05c0d8 t .LANCHOR3
fe05c0d8 t lbase.4177
fe05c116 t .LANCHOR4
fe05c116 t lenfix
fe05c916 t .LANCHOR2
fe05c916 t lext.4178
fe05c954 t .LANCHOR6
fe05c954 t order.4273
fe05d000 A _erotext
fe05d000 T _GOT2_TABLE_
fe05f184 t _GLOBAL_OFFSET_TABLE_
fe05f190 T _FIXUP_TABLE_
fe0602a8 d .LANCHOR0
fe0602a8 d bits.3929
fe0602e8 D corecnf_tab
fe0603c8 d .LANCHOR0
fe0603dc d .LANCHOR2
fe0603dc d phy_interface_strings
fe06040c D init_sequence
fe060444 d .LANCHOR1
fe060444 d boot_os
fe060490 d .LANCHOR0
fe060490 d cmd_bootm_sub
fe060570 d .LANCHOR0
fe060570 d weekdays
fe06058c d .LANCHOR1
fe06058c d root.4623
fe060590 d .LANCHOR2
fe060590 d tabs.4705
fe0605b4 d .LANCHOR4
fe0605b4 d i2c_dp_last_length
fe0605b8 d .LANCHOR0
fe0605b8 d cmd_i2c_sub
fe0606d0 d .LANCHOR0
fe0606d0 d op_table
fe060738 d .LANCHOR3
fe060738 d do_echo
fe06073c d .LANCHOR5
fe06073c d dp_last_length
fe060740 d reg_0_desc_tbl
fe0607b8 d reg_5_desc_tbl
fe060848 d reg_4_desc_tbl
fe0608d8 d reg_1_desc_tbl
fe060998 d reg_2_desc_tbl
fe0609a4 d reg_3_desc_tbl
fe0609c8 d .LANCHOR6
fe0609c8 d reg_0_5_desc_tbl
fe0609f8 d .LANCHOR7
fe0609f8 d desc_and_len_tbl
fe060a28 d .LANCHOR2
fe060a28 d env_id
fe060a2c d .LANCHOR0
fe060a2c d cmd_env_sub
fe060b28 d .LANCHOR0
fe060b28 d usb_stor_curr_dev
fe060b2c d .LANCHOR3
fe060b2c d trim_threshold
fe060b30 d .LANCHOR2
fe060b30 d sbrk_base
fe060b34 d .LANCHOR0
fe060b34 d av_
fe060f3c D env_htab
fe060f4c d .LANCHOR2
fe060f4c d of_busses
fe060f60 d .LANCHOR5
fe060f60 d reserved_list
fe060fe4 d .LANCHOR0
fe060fe4 d uimage_os
fe061038 d .LANCHOR2
fe061038 d uimage_type
fe061104 d .LANCHOR3
fe061104 d uimage_comp
fe06114c d .LANCHOR1
fe06114c d uimage_arch
fe061248 d .LANCHOR5
fe061248 d hist_cur
fe06124c D stdio_names
fe061258 d .LANCHOR0
fe061258 d block_drvr
fe061270 d .LANCHOR1
fe061270 d i2c_bus_num
fe061274 d .LANCHOR2
fe061274 d i2c_bus_speed
fe06127c d .LANCHOR2
fe06127c d bbt_main_descr
fe0612a0 d .LANCHOR5
fe0612a0 d bbt_main_descr
fe0612c4 d .LANCHOR6
fe0612c4 d bbt_mirror_no_bbt_descr
fe0612e8 d mirror_pattern
fe0612ec d mirror_pattern
fe0612f0 d scan_agand_pattern
fe0612f8 d bbt_pattern
fe0612fc d bbt_pattern
fe061300 d .LANCHOR7
fe061300 d scan_ff_pattern
fe061304 d scan_ff_pattern
fe061308 d .LANCHOR5
fe061308 d bbt_main_no_bbt_descr
fe06132c d .LANCHOR4
fe06132c d agand_flashbased
fe061350 d .LANCHOR3
fe061350 d bbt_mirror_descr
fe061374 d .LANCHOR6
fe061374 d bbt_mirror_descr
fe061398 D nand_manuf_ids
fe0613e8 D nand_flash_ids
fe061aa8 d .LANCHOR5
fe061aa8 d nand_oob_8
fe061cf0 d .LANCHOR6
fe061cf0 d nand_oob_16
fe061f38 d .LANCHOR8
fe061f38 d nand_oob_128
fe062180 d .LANCHOR7
fe062180 d nand_oob_64
fe0623c8 d .LANCHOR1
fe0623c8 d fsl_elbc_oob_sp_eccm0
fe062610 d .LANCHOR0
fe062610 d fsl_elbc_oob_sp_eccm1
fe062858 d .LANCHOR7
fe062858 d largepage_memorybased
fe06287c d .LANCHOR3
fe06287c d fsl_elbc_oob_lp_eccm0
fe062ac4 d .LANCHOR2
fe062ac4 d fsl_elbc_oob_lp_eccm1
fe062d0c d .LANCHOR6
fe062d0c d supported
fe062d2c d .LANCHOR5
fe062d2c d tsec_info
fe062d48 d .LANCHOR0
fe062d48 d phy_drivers
fe062d50 d .LANCHOR1
fe062d50 d genphy_driver
fe062d7c D AR8021_driver
fe062da8 d .LANCHOR1
fe062da8 d BCM5464S_driver
fe062dd4 d .LANCHOR0
fe062dd4 d BCM5482S_driver
fe062e00 d .LANCHOR2
fe062e00 d BCM5461S_driver
fe062e2c d .LANCHOR0
fe062e2c d DM9161_driver
fe062e58 d .LANCHOR0
fe062e58 d LXT971_driver
fe062e84 d .LANCHOR3
fe062e84 d M88E1121R_driver
fe062eb0 d .LANCHOR1
fe062eb0 d M88E1149S_driver
fe062edc d .LANCHOR2
fe062edc d M88E1145_driver
fe062f08 d .LANCHOR6
fe062f08 d M88E1011S_driver
fe062f34 d .LANCHOR5
fe062f34 d M88E1111S_driver
fe062f60 d .LANCHOR4
fe062f60 d M88E1118_driver
fe062f8c d .LANCHOR0
fe062f8c d KSZ804_driver
fe062fb8 d .LANCHOR1
fe062fb8 d KS8721_driver
fe062fe4 d .LANCHOR0
fe062fe4 d DP83865_driver
fe063010 d .LANCHOR0
fe063010 d RTL8211B_driver
fe06303c d .LANCHOR0
fe06303c d VSC8641_driver
fe063068 d .LANCHOR5
fe063068 d VSC8221_driver
fe063094 d .LANCHOR6
fe063094 d VSC8662_driver
fe0630c0 d .LANCHOR1
fe0630c0 d VSC8601_driver
fe0630ec d .LANCHOR3
fe0630ec d VSC8244_driver
fe063118 d .LANCHOR4
fe063118 d VSC8211_driver
fe063144 d .LANCHOR7
fe063144 d cis8201_driver
fe063170 d .LANCHOR2
fe063170 d VSC8234_driver
fe06319c d .LANCHOR8
fe06319c d cis8204_driver
fe0631c8 d .LANCHOR1
fe0631c8 d month_days
fe0631f8 d .LANCHOR2
fe0631f8 d descriptor
fe063230 d .LANCHOR0
fe063230 d fdt_errtable
fe063264 D z_errmsg
fe06328c d .LANCHOR9
fe06328c d first_call.3971
fe063290 d .LANCHOR11
fe063290 d nfs_offset
fe063294 d .LANCHOR9
fe063294 d TftpTimeoutCountMax
fe063298 d .LANCHOR3
fe063298 d TftpBlkSizeOption
fe06329c d .LANCHOR2
fe06329c d TftpTimeoutMSecs
fe0632a0 d .LANCHOR10
fe0632a0 d TftpBlkSize
fe0632a4 d .LANCHOR2
fe0632ac d .LANCHOR1
fe0632ac d pci_regions
fe0632e8 d pcie_regions_0
fe063310 d pcie_regions_1
fe063338 d .LANCHOR0
fe063338 d rev_str.5587
fe06334c D load_addr
fe063350 D sata_curr_device
fe063354 D env_name_spec
fe063358 D env_ptr
fe06335c V board_hwconfig
fe063360 V cpu_hwconfig
fe063364 D nand_curr_device
fe063368 D ext4fs_indir1_blkno
fe06336c D ext4fs_indir2_blkno
fe063370 D ext4fs_indir3_blkno
fe063374 D NetOurVLAN
fe063376 D NetOurNativeVLAN
fe063378 D NetBcastAddr
fe063380 D TftpRRQTimeoutCountMax
fe063384 A __u_boot_cmd_start
fe063384 A _edata
fe063384 D __u_boot_cmd_clocks
fe0633a0 D __u_boot_cmd_bdinfo
fe0633bc D __u_boot_cmd_reset
fe0633d8 D __u_boot_cmd_go
fe0633f4 D __u_boot_cmd_imls
fe063410 D __u_boot_cmd_iminfo
fe06342c D __u_boot_cmd_bootd
fe063448 D __u_boot_cmd_boot
fe063464 D __u_boot_cmd_bootm
fe063480 D __u_boot_cmd_coninfo
fe06349c D __u_boot_cmd_date
fe0634b8 D __u_boot_cmd_echo
fe0634d4 D __u_boot_cmd_exit
fe0634f0 D __u_boot_cmd_ext2load
fe06350c D __u_boot_cmd_ext2ls
fe063528 D __u_boot_cmd_fdt
fe063544 D __u_boot_cmd_protect
fe063560 D __u_boot_cmd_erase
fe06357c D __u_boot_cmd_flinfo
fe063598 D __u_boot_cmd_hello
fe0635b4 D __u_boot_cmd_question_mark
fe0635d0 D __u_boot_cmd_help
fe0635ec D __u_boot_cmd_i2c
fe063608 D __u_boot_cmd_itest
fe063624 D __u_boot_cmd_loady
fe063640 D __u_boot_cmd_loadb
fe06365c D __u_boot_cmd_loads
fe063678 D __u_boot_cmd_mdio
fe063694 D __u_boot_cmd_mtest
fe0636b0 D __u_boot_cmd_loop
fe0636cc D __u_boot_cmd_base
fe0636e8 D __u_boot_cmd_crc32
fe063704 D __u_boot_cmd_cmp
fe063720 D __u_boot_cmd_cp
fe06373c D __u_boot_cmd_mw
fe063758 D __u_boot_cmd_nm
fe063774 D __u_boot_cmd_mm
fe063790 D __u_boot_cmd_md
fe0637ac D __u_boot_cmd_mii
fe0637c8 D __u_boot_cmd_sleep
fe0637e4 D __u_boot_cmd_mtdparts
fe063800 D __u_boot_cmd_chpart
fe06381c D __u_boot_cmd_nboot
fe063838 D __u_boot_cmd_nand
fe063854 D __u_boot_cmd_ping
fe063870 D __u_boot_cmd_nfs
fe06388c D __u_boot_cmd_tftpboot
fe0638a8 D __u_boot_cmd_bootp
fe0638c4 D __u_boot_cmd_run
fe0638e0 D __u_boot_cmd_setenv
fe0638fc D __u_boot_cmd_printenv
fe063918 D __u_boot_cmd_editenv
fe063934 D __u_boot_cmd_env
fe063950 D __u_boot_cmd_saveenv
fe06396c D __u_boot_cmd_pci
fe063988 D __u_boot_cmd_sata
fe0639a4 D __u_boot_cmd_source
fe0639c0 D __u_boot_cmd_true
fe0639dc D __u_boot_cmd_false
fe0639f8 D __u_boot_cmd_test
fe063a14 D __u_boot_cmd_usbboot
fe063a30 D __u_boot_cmd_usb
fe063a4c D __u_boot_cmd_version
fe063a68 D __u_boot_cmd_imxtract
fe063a84 D __u_boot_cmd_showvar
fe063aa0 A __start___ex_table
fe063aa0 A __stop___ex_table
fe063aa0 A __u_boot_cmd_end
fe064000 A __bss_start
fe064000 A __init_begin
fe064000 A __init_end
fe064000 b .LANCHOR0
fe064000 b pci_hose
fe0641c0 b .LANCHOR1
fe0641c0 b pci_num_buses
fe0641c4 b .LANCHOR1
fe0641c4 b timestamp
fe0641c8 b .LANCHOR0
fe0641c8 b decrementer_count
fe0641cc b .LANCHOR0
fe0641cc b data.4616
fe0645cc b .LANCHOR6
fe0645cc b i2c_mm_last_addr
fe0645d0 b .LANCHOR5
fe0645d0 b i2c_mm_last_chip
fe0645d4 b .LANCHOR7
fe0645d4 b i2c_mm_last_alen
fe0645d8 b .LANCHOR2
fe0645d8 b i2c_dp_last_addr
fe0645dc b .LANCHOR1
fe0645dc b i2c_dp_last_chip
fe0645e0 b .LANCHOR3
fe0645e0 b i2c_dp_last_alen
fe0645e4 b .LANCHOR8
fe0645e4 b os_data_addr_saved
fe0645e8 b .LANCHOR4
fe0645e8 b a_b
fe064600 b .LANCHOR0
fe064600 b os_data_state
fe064604 b .LANCHOR5
fe064604 b k_data_escape
fe064608 b .LANCHOR1
fe064608 b os_data_addr
fe06460c b .LANCHOR2
fe06460c b bin_start_address
fe064610 b .LANCHOR6
fe064610 b k_data_escape_saved
fe064614 b .LANCHOR7
fe064614 b os_data_state_saved
fe064618 b .LANCHOR5
fe064618 b last_reg_hi
fe06461c b .LANCHOR4
fe06461c b last_reg_hi
fe064620 b .LANCHOR6
fe064620 b last_data
fe064624 b .LANCHOR5
fe064624 b last_data
fe064628 b .LANCHOR3
fe064628 b last_devad_hi
fe06462c b .LANCHOR4
fe06462c b last_reg_lo
fe064630 b .LANCHOR3
fe064630 b last_reg_lo
fe064634 b .LANCHOR0
fe064634 b last_addr_lo
fe064638 b .LANCHOR1
fe064638 b last_addr_lo
fe06463c b .LANCHOR7
fe06463c b last_op
fe064640 b .LANCHOR0
fe064640 b last_op
fe064644 b .LANCHOR1
fe064644 b last_addr_hi
fe064648 b .LANCHOR2
fe064648 b last_addr_hi
fe06464c b .LANCHOR2
fe06464c b last_devad_lo
fe064650 b .LANCHOR3
fe064650 b dp_last_addr
fe064654 b .LANCHOR0
fe064654 b base_address
fe064658 b .LANCHOR2
fe064658 b mm_last_size
fe06465c b .LANCHOR1
fe06465c b mm_last_addr
fe064660 b .LANCHOR4
fe064660 b dp_last_size
fe064664 b .LANCHOR3
fe064664 b last_ids
fe0646e4 b .LANCHOR2
fe0646e4 b initialized.5092
fe0646e8 b .LANCHOR1
fe0646e8 b last_parts
fe0648e8 b .LANCHOR0
fe0648e8 b last_partition
fe0648f8 b .LANCHOR0
fe0648f8 b last.4839
fe064900 b .LANCHOR0
fe064900 b tmp_buf.3884
fe064b00 b .LANCHOR1
fe064b00 b tmp_buf
fe064c00 b .LANCHOR1
fe064c00 b ctrlc_was_pressed
fe064c04 b .LANCHOR0
fe064c04 b ctrlc_disabled
fe064c08 b .LANCHOR6
fe064c08 b max_total_mem
fe064c0c b .LANCHOR5
fe064c0c b max_sbrked_mem
fe064c10 b .LANCHOR4
fe064c10 b top_pad
fe064c14 b .LANCHOR1
fe064c14 b current_mallinfo
fe064c3c b .LANCHOR1
fe064c3c b flag_repeat
fe064c40 b .LANCHOR3
fe064c40 b the_command.4088
fe064d40 b .LANCHOR4
fe064d40 b buf.4288
fe064d68 b .LANCHOR7
fe064d68 b ifs
fe064d6c b .LANCHOR6
fe064d6c b map
fe064e6c b .LANCHOR2
fe064e6c b do_repeat
fe064e70 b .LANCHOR0
fe064e70 b top_vars
fe064e74 b .LANCHOR3
fe064e74 b hist_max
fe064e78 b .LANCHOR2
fe064e78 b initted.4082
fe064e7c b .LANCHOR4
fe064e7c b hist_add_idx
fe064e80 b .LANCHOR1
fe064e80 b current_mii
fe064e84 b .LANCHOR0
fe064e84 b mii_devs
fe064e8c b .LANCHOR0
fe064e8c b devs
fe064ec8 B stdio_devices
fe064ed4 b .LANCHOR2
fe064ed4 b dev_index
fe064ed8 b .LANCHOR3
fe064ed8 b running
fe064ee0 b .LANCHOR1
fe064ee0 b usb_dev
fe06fae0 b .LANCHOR0
fe06fae0 b asynch_allowed
fe06fae4 b .LANCHOR0
fe06fae4 b usb_hub_index
fe06fae8 b .LANCHOR1
fe06fae8 b hub_dev
fe06fbe8 b .LANCHOR5
fe06fbe8 b usb_stor
fe06fcec b .LANCHOR1
fe06fcec b usb_dev_desc
fe06ff1c b .LANCHOR0
fe06ff1c b usb_max_devs
fe06ff20 b .LANCHOR4
fe06ff20 b CBWTag
fe06ff40 b .LANCHOR2
fe06ff40 b usb_ccb
fe06ffe0 b .LANCHOR0
fe06ffe0 b xyz
fe07041c b .LANCHOR0
fe07041c b saved_sector.4168
fe070420 b .LANCHOR1
fe070420 b saved_info.4169
fe070424 b .LANCHOR1
fe070424 b total_nand_size
fe070428 b .LANCHOR0
fe070428 b dev_name
fe070430 b .LANCHOR4
fe070430 b elbc_ctrl
fe070434 b .LANCHOR3
fe070434 b tx_ring
fe070454 b .LANCHOR1
fe070454 b rx_next
fe070458 b .LANCHOR4
fe070458 b tx_threshold
fe07045c b .LANCHOR0
fe07045c b rx_ring
fe071c9c b .LANCHOR2
fe071c9c b tx_next
fe071ca0 b .LANCHOR1
fe071ca0 b rtx
fe071cd0 b .LANCHOR4
fe071cd0 b privlist
fe071cf0 b .LANCHOR0
fe071cf0 b txIdx
fe071cf4 b .LANCHOR3
fe071cf4 b num_tsecs
fe071cf8 b .LANCHOR2
fe071cf8 b rxIdx
fe071cfc b .LANCHOR0
fe071cfc b hose_head
fe071d00 b .LANCHOR3
fe071d00 b portreset
fe071d20 b .LANCHOR0
fe071d20 b __qh_list
fe071d80 b .LANCHOR0
fe071d80 b symlinknest
fe071d84 b .LANCHOR1
fe071d84 b part_info
fe071d88 b .LANCHOR0
fe071d88 b ext4fs_block_dev_desc
fe071d8c b .LANCHOR6
fe071d8c b env_changed_id.4498
fe071d90 b .LANCHOR5
fe071d90 b act.4497
fe071d94 b .LANCHOR4
fe071d94 b first_failed.4492
fe071d98 b .LANCHOR3
fe071d98 b index.4445
fe071d9c b .LANCHOR1
fe071d9c b eth_devices
fe071da0 b .LANCHOR2
fe071da0 b timeHandler
fe071da4 b .LANCHOR0
fe071da4 b udp_packet_handler
fe071da8 b .LANCHOR6
fe071da8 b NetRestarted
fe071dac b .LANCHOR5
fe071dac b NetTryCount
fe071db0 b .LANCHOR4
fe071db0 b timeDelta
fe071db4 b .LANCHOR7
fe071db4 b NetDevExists
fe071db8 B NetOurHostName
fe071dd8 B NetOurRootPath
fe071e18 b .LANCHOR3
fe071e18 b timeStart
fe071e1c B NetOurNISDomain
fe071e3c b .LANCHOR8
fe071e3c b env_changed_id.3960
fe071e40 b .LANCHOR1
fe071e40 b arp_packet_handler
fe071e44 b .LANCHOR7
fe071e44 b NfsOurPort
fe071e48 b .LANCHOR6
fe071e48 b NfsServerIP
fe071e4c b .LANCHOR10
fe071e4c b nfs_filename
fe071e50 b .LANCHOR12
fe071e50 b nfs_len
fe071e54 b .LANCHOR1
fe071e54 b NfsSrvMountPort
fe071e58 b .LANCHOR4
fe071e58 b dirfh
fe071e78 b .LANCHOR2
fe071e78 b NfsSrvNfsPort
fe071e7c b .LANCHOR0
fe071e7c b rpc_id
fe071e80 b .LANCHOR3
fe071e80 b fs_mounted
fe071e84 b .LANCHOR13
fe071e84 b nfs_download_state
fe071e88 b .LANCHOR15
fe071e88 b nfs_path_buff
fe072688 b .LANCHOR9
fe072688 b nfs_path
fe07268c b .LANCHOR5
fe07268c b filefh
fe0726ac b .LANCHOR8
fe0726ac b NfsState
fe0726b0 b .LANCHOR16
fe0726b0 b default_filename
fe0726f0 b .LANCHOR14
fe0726f0 b default_filename
fe072700 b .LANCHOR14
fe072700 b NfsTimeoutCount
fe072704 b .LANCHOR0
fe072704 b PingSeqNo
fe072708 b .LANCHOR8
fe072708 b TftpTimeoutCount
fe07270c b .LANCHOR5
fe07270c b TftpRemoteIP
fe072710 b .LANCHOR11
fe072710 b TftpBlockWrap
fe072714 b .LANCHOR4
fe072714 b TftpBlock
fe072718 b .LANCHOR7
fe072718 b TftpOurPort
fe07271c b .LANCHOR0
fe07271c b TftpState
fe072720 b .LANCHOR6
fe072720 b TftpRemotePort
fe072724 b .LANCHOR12
fe072724 b TftpBlockWrapOffset
fe072728 b .LANCHOR13
fe072728 b TftpLastBlock
fe07272c b .LANCHOR1
fe07272c b tftp_filename
fe0727ac B monitor_flash_len
fe0727b0 B current_mtd_partnum
fe0727b4 B current_mtd_dev
fe0727b8 B mem_malloc_brk
fe0727bc B mem_malloc_end
fe0727c0 B mem_malloc_start
fe0727c4 B hist_num
fe0727c8 B usb_started
fe0727cc B save_addr
fe0727d0 B his_pad_char
fe0727d4 B os_data_init
fe0727d8 B nesting_level
fe0727dc B send_ptr
fe0727e0 B last_return_code
fe0727e4 B working_fdt
fe0727e8 B os_data_char
fe0727ec B mtdids
fe0727f4 B save_size
fe0727f8 B his_eol
fe0727fc B devices
fe072804 B his_quote
fe072808 B his_pad_count
fe07280c B rootdev
fe072810 B hccr
fe072814 B hcor
fe072818 B part_offset
fe07281c B ext4fs_indir1_size
fe072820 B ext4fs_indir2_block
fe072824 B ext4fs_indir3_block
fe072828 B ext4fs_symlinknest
fe07282c B ext4fs_indir3_size
fe072830 B g_parent_inode
fe072834 B ext4fs_indir2_size
fe072838 B ext4fs_indir1_block
fe07283c B ext4fs_file
fe072840 B ext4fs_root
fe072844 B errno
fe072848 B NetArpWaitTry
fe07284c B NetArpWaitPacketMAC
fe072850 B NetOurEther
fe072858 B NetOurIP
fe07285c B NetPingIP
fe072860 B NetServerIP
fe072864 B NetArpWaitTxPacketSize
fe072868 B NetArpWaitReplyIP
fe07286c B NetArpWaitPacketIP
fe072870 B BootpTry
fe072874 B eth_current
fe072878 B NetServerEther
fe072880 B NetOurSubnetMask
fe072884 B NetBootFileSize
fe072888 B NetIPID
fe07288c B NetRxPacket
fe072890 B net_state
fe072894 B BootpID
fe072898 B NetOurGatewayIP
fe07289c B NetEtherNullAddr
fe0728a4 B NetRestartWrap
fe0728a8 B NetArpTxPacket
fe0728ac B NetTxPacket
fe0728b0 B NetBootFileXferSize
fe0728b4 B NetOurDNSIP
fe0728b8 B NetRxPacketLen
fe0728bc B NetArpWaitTimerStart
fe0728c0 B console_buffer
fe0729c4 B hist_list
fe072a14 B hist_lines
fe073e28 B images
fe073f58 B sata_dev_desc
fe074038 B send_parms
fe07404c B flash_info
fe074308 B mtd_table
fe074388 B nand_info
fe074430 B ext_fs
fe074478 B NetArpPacketBuf
fe074a98 B NetRxPackets
fe074aa8 B BootFile
fe074b28 B PktBuf
fe076948 A __bss_end__
