Archive member included because of file (symbol)

/home/rlc/buildroot/output/host/usr/lib/gcc/powerpc-buildroot-linux-uclibc/4.7.3/libgcc.a(_lshrdi3.o)
                              drivers/mtd/nand/libnand.o (__lshrdi3)

Allocating common symbols
Common symbol       size              file

ext_fs              0x48              fs/ext4/libext4fs.o
console_buffer      0x101             common/libcommon.o
NetArpPacketBuf     0x620             net/libnet.o
NetArpWaitTry       0x4               net/libnet.o
NetArpWaitPacketMAC
                    0x4               net/libnet.o
hist_list           0x50              common/libcommon.o
flash_info          0x2bc             drivers/mtd/libmtd.o
hist_lines          0x1414            common/libcommon.o
NetOurEther         0x6               net/libnet.o
NetOurIP            0x4               net/libnet.o
NetPingIP           0x4               net/libnet.o
part_offset         0x4               fs/ext4/libext4fs.o
NetServerIP         0x4               net/libnet.o
usb_started         0x1               common/libcommon.o
monitor_flash_len   0x4               arch/powerpc/lib/libpowerpc.o
save_addr           0x4               common/libcommon.o
___strtok           0x4               lib/libgeneric.o
NetArpWaitTxPacketSize
                    0x4               net/libnet.o
NetArpWaitReplyIP   0x4               net/libnet.o
NetRxPackets        0x10              net/libnet.o
ext4fs_indir1_size  0x4               fs/ext4/libext4fs.o
NetArpWaitPacketIP  0x4               net/libnet.o
BootpTry            0x4               net/libnet.o
ext4fs_indir2_block
                    0x4               fs/ext4/libext4fs.o
nand_info           0xa8              drivers/mtd/nand/libnand.o
BootFile            0x80              net/libnet.o
eth_current         0x4               net/libnet.o
ext4fs_indir3_block
                    0x4               fs/ext4/libext4fs.o
his_pad_char        0x1               common/libcommon.o
NetServerEther      0x6               net/libnet.o
ext4fs_symlinknest  0x4               fs/ext4/libext4fs.o
rootdev             0x4               drivers/usb/host/libusb_host.o
hccr                0x4               drivers/usb/host/libusb_host.o
os_data_init        0x4               common/libcommon.o
NetOurSubnetMask    0x4               net/libnet.o
NetBootFileSize     0x2               net/libnet.o
NetIPID             0x4               net/libnet.o
NetRxPacket         0x4               net/libnet.o
mtd_table           0x80              drivers/mtd/libmtd.o
net_state           0x4               net/libnet.o
nesting_level       0x4               common/libcommon.o
images              0x130             common/libcommon.o
send_ptr            0x4               common/libcommon.o
hcor                0x4               drivers/usb/host/libusb_host.o
BootpID             0x4               net/libnet.o
last_return_code    0x4               common/libcommon.o
NetOurGatewayIP     0x4               net/libnet.o
NetEtherNullAddr    0x6               net/libnet.o
working_fdt         0x4               common/libcommon.o
ext4fs_indir3_size  0x4               fs/ext4/libext4fs.o
g_parent_inode      0x4               fs/ext4/libext4fs.o
os_data_char        0x4               common/libcommon.o
mtdids              0x8               common/libcommon.o
NetRestartWrap      0x4               net/libnet.o
NetArpTxPacket      0x4               net/libnet.o
ext4fs_indir2_size  0x4               fs/ext4/libext4fs.o
ext4fs_indir1_block
                    0x4               fs/ext4/libext4fs.o
save_size           0x4               common/libcommon.o
ext4fs_file         0x4               fs/ext4/libext4fs.o
his_eol             0x1               common/libcommon.o
NetTxPacket         0x4               net/libnet.o
devices             0x8               common/libcommon.o
his_quote           0x1               common/libcommon.o
NetBootFileXferSize
                    0x4               net/libnet.o
ext4fs_root         0x4               fs/ext4/libext4fs.o
NetOurDNSIP         0x4               net/libnet.o
NetRxPacketLen      0x4               net/libnet.o
sata_dev_desc       0xe0              common/libcommon.o
PktBuf              0x1e20            net/libnet.o
send_parms          0x14              common/libcommon.o
his_pad_count       0x4               common/libcommon.o
NetArpWaitTimerStart
                    0x4               net/libnet.o

Discarded input sections

 .data          0x00000000        0x0 arch/powerpc/cpu/mpc83xx/start.o
 .bss           0x00000000        0x0 arch/powerpc/cpu/mpc83xx/start.o
 .text          0x00000000        0x0 arch/powerpc/cpu/mpc83xx/libmpc83xx.o
 .text.SoftEmuException
                0x00000000       0x34 arch/powerpc/cpu/mpc83xx/libmpc83xx.o
 .text.addr_probe
                0x00000000        0x8 arch/powerpc/cpu/mpc83xx/libmpc83xx.o
 .text.cpu_mmc_init
                0x00000000        0x8 arch/powerpc/cpu/mpc83xx/libmpc83xx.o
 .text.get_bus_freq
[...]
Memory Configuration

Name             Origin             Length             Attributes
*default*        0x00000000         0xffffffff

Linker script and memory map


.text           0xfe000000    0x5c97a
 arch/powerpc/cpu/mpc83xx/start.o(.text*)
 .text          0xfe000000     0x3814 arch/powerpc/cpu/mpc83xx/start.o
                0xfe000044                version_string
                0xfe000084                enable_addr_trans
                0xfe000098                disable_addr_trans
                0xfe0000b8                get_pvr
                0xfe0000c0                ppcDWstore
                0xfe0000cc                ppcDWload
                0xfe000100                _start
                0xfe0001a8                _start_of_vectors
                0xfe002fa4                _end_of_vectors
                0xfe003000                transfer_to_handler
                0xfe003178                init_e300_core
                0xfe0031f0                setup_bats
                0xfe003394                icache_enable
                0xfe0033bc                icache_disable
                0xfe0033d8                icache_status
                0xfe0033e4                dcache_enable
                0xfe003400                dcache_disable
                0xfe003430                dcache_status
                0xfe00343c                flush_dcache
                0xfe003460                relocate_code
                0xfe003608                trap_init
                0xfe003700                unlock_ram_in_cache
 *(.text*)
 .text.print_backtrace
                0xfe003814      0x114 arch/powerpc/cpu/mpc83xx/libmpc83xx.o
                0xfe003814                print_backtrace
 .text.show_regs
                0xfe003928       0xfc arch/powerpc/cpu/mpc83xx/libmpc83xx.o
                0xfe003928                show_regs
 .text._exception
                0xfe003a24       0x48 arch/powerpc/cpu/mpc83xx/libmpc83xx.o
                0xfe003a24                _exception
 .text.dump_pci
                0xfe003a6c        0x4 arch/powerpc/cpu/mpc83xx/libmpc83xx.o
                0xfe003a6c                dump_pci
 .text.MachineCheckException
                0xfe003a70       0xfc arch/powerpc/cpu/mpc83xx/libmpc83xx.o
                0xfe003a70                MachineCheckException
 .text.AlignmentException
                0xfe003b6c       0x34 arch/powerpc/cpu/mpc83xx/libmpc83xx.o
                0xfe003b6c                AlignmentException
 .text.ProgramCheckException
                0xfe003ba0       0x34 arch/powerpc/cpu/mpc83xx/libmpc83xx.o
                0xfe003ba0                ProgramCheckException
 .text.UnknownException
                0xfe003bd4       0x58 arch/powerpc/cpu/mpc83xx/libmpc83xx.o
                0xfe003bd4                UnknownException
 .text.DebugException
                0xfe003c2c       0x4c arch/powerpc/cpu/mpc83xx/libmpc83xx.o
                0xfe003c2c                DebugException
 .text.checkcpu
                0xfe003c78      0x1e8 arch/powerpc/cpu/mpc83xx/libmpc83xx.o
                0xfe003c78                checkcpu
 .text.do_reset
                0xfe003e60       0x88 arch/powerpc/cpu/mpc83xx/libmpc83xx.o
                0xfe003e60                do_reset
 .text.get_tbclk
                0xfe003ee8       0x10 arch/powerpc/cpu/mpc83xx/libmpc83xx.o
                0xfe003ee8                get_tbclk
 .text.cpu_eth_init
                0xfe003ef8       0x24 arch/powerpc/cpu/mpc83xx/libmpc83xx.o
                0xfe003ef8                cpu_eth_init
 .text.cpu_init_f
                0xfe003f1c      0x150 arch/powerpc/cpu/mpc83xx/libmpc83xx.o
                0xfe003f1c                cpu_init_f
 .text.cpu_init_r
                0xfe00406c        0x8 arch/powerpc/cpu/mpc83xx/libmpc83xx.o
                0xfe00406c                cpu_init_r
 .text.prt_83xx_rsr
                0xfe004074       0xb4 arch/powerpc/cpu/mpc83xx/libmpc83xx.o
                0xfe004074                prt_83xx_rsr
 .text.do_clocks
                0xfe004128      0x1a0 arch/powerpc/cpu/mpc83xx/libmpc83xx.o
                0xfe004128                do_clocks
 .text.get_clocks
                0xfe0042c8      0x4a4 arch/powerpc/cpu/mpc83xx/libmpc83xx.o
                0xfe0042c8                get_clocks
 .text.interrupt_init_cpu
                0xfe00476c       0x30 arch/powerpc/cpu/mpc83xx/libmpc83xx.o
                0xfe00476c                interrupt_init_cpu
 .text.external_interrupt
                0xfe00479c        0x4 arch/powerpc/cpu/mpc83xx/libmpc83xx.o
                0xfe00479c                external_interrupt
 .text.irq_install_handler
                0xfe0047a0        0x4 arch/powerpc/cpu/mpc83xx/libmpc83xx.o
                0xfe0047a0                irq_install_handler
 .text.irq_free_handler
                0xfe0047a4        0x4 arch/powerpc/cpu/mpc83xx/libmpc83xx.o
                0xfe0047a4                irq_free_handler
 .text.timer_interrupt_cpu
                0xfe0047a8        0x4 arch/powerpc/cpu/mpc83xx/libmpc83xx.o
                0xfe0047a8                timer_interrupt_cpu
 .text.mpc83xx_pci_init
                0xfe0047ac      0x3bc arch/powerpc/cpu/mpc83xx/libmpc83xx.o
                0xfe0047ac                mpc83xx_pci_init
 .text.ft_pci_setup
                0xfe004b68      0x158 arch/powerpc/cpu/mpc83xx/libmpc83xx.o
                0xfe004b68                ft_pci_setup
 .text.mpc83xx_pcie_init
                0xfe004cc0      0x49c arch/powerpc/cpu/mpc83xx/libmpc83xx.o
                0xfe004cc0                mpc83xx_pcie_init
 .text.ft_cpu_setup
                0xfe00515c      0x1dc arch/powerpc/cpu/mpc83xx/libmpc83xx.o
                0xfe00515c                ft_cpu_setup
 .text.invalidate_dcache_range
                0xfe005338        0x4 arch/powerpc/cpu/mpc83xx/libmpc83xx.o
                0xfe005338                invalidate_dcache_range
 .text.flush_dcache_range
                0xfe00533c        0x4 arch/powerpc/cpu/mpc83xx/libmpc83xx.o
                0xfe00533c                flush_dcache_range
 .text.board_add_ram_info
                0xfe005340       0xd4 arch/powerpc/cpu/mpc83xx/libmpc83xx.o
                0xfe005340                board_add_ram_info
 .text.fdt_fixup_usb_mode_phy_type
                0xfe005414      0x150 arch/powerpc/cpu/mpc8xxx/lib8xxx.o
 .text.fdt_fixup_dr_usb
                0xfe005564      0x28c arch/powerpc/cpu/mpc8xxx/lib8xxx.o
                0xfe005564                fdt_fixup_dr_usb
 .text.fdt_fixup_crypto_node
                0xfe0057f0      0x2bc arch/powerpc/cpu/mpc8xxx/lib8xxx.o
                0xfe0057f0                fdt_fixup_crypto_node
 .text.init_early_memctl_regs
                0xfe005aac       0x60 arch/powerpc/cpu/mpc8xxx/lib8xxx.o
                0xfe005aac                init_early_memctl_regs
 .text          0xfe005b0c      0x334 arch/powerpc/lib/libpowerpc.o
                0xfe005b0c                ppcDcbf
                0xfe005b14                ppcDcbi
                0xfe005b1c                ppcDcbz
                0xfe005b24                ppcSync
                0xfe005b2c                strcpy
                0xfe005b48                strncpy
                0xfe005b70                strcat
                0xfe005b9c                strcmp
                0xfe005bc0                strlen
                0xfe005bd8                memset
                0xfe005c34                bcopy
                0xfe005c44                memmove
                0xfe005c4c                memcpy
                0xfe005ce8                backwards_memcpy
                0xfe005d70                memcmp
                0xfe005da0                memchr
                0xfe005dc8                get_ticks
                0xfe005de0                wait_ticks
                0xfe005e18                trap_reloc
 .text.init_func_i2c
                0xfe005e40       0x50 arch/powerpc/lib/libpowerpc.o
 .text.init_baudrate
                0xfe005e90       0x54 arch/powerpc/lib/libpowerpc.o
 .text.init_func_ram
                0xfe005ee4       0x8c arch/powerpc/lib/libpowerpc.o
 .text.__board_flash_wp_on
                0xfe005f70        0x8 arch/powerpc/lib/libpowerpc.o
                0xfe005f70                __board_flash_wp_on
                0xfe005f70                board_flash_wp_on
 .text.__cpu_secondary_init_r
                0xfe005f78        0x4 arch/powerpc/lib/libpowerpc.o
                0xfe005f78                cpu_secondary_init_r
                0xfe005f78                __cpu_secondary_init_r
 .text.get_effective_memsize
                0xfe005f7c        0x8 arch/powerpc/lib/libpowerpc.o
                0xfe005f7c                get_effective_memsize
 .text.hang     0xfe005f84       0x2c arch/powerpc/lib/libpowerpc.o
                0xfe005f84                hang
 .text.board_init_r
                0xfe005fb0      0x158 arch/powerpc/lib/libpowerpc.o
                0xfe005fb0                board_init_r
 .text.board_init_f
                0xfe006108      0x108 arch/powerpc/lib/libpowerpc.o
                0xfe006108                board_init_f
 .text.boot_cmdline_linux
                0xfe006210       0x70 arch/powerpc/lib/libpowerpc.o
 .text.boot_bd_t_linux
                0xfe006280       0xb4 arch/powerpc/lib/libpowerpc.o
 .text.boot_jump_linux
                0xfe006334       0xb0 arch/powerpc/lib/libpowerpc.o
 .text.arch_lmb_reserve
                0xfe0063e4       0xcc arch/powerpc/lib/libpowerpc.o
                0xfe0063e4                arch_lmb_reserve
 .text.__ft_verify_fdt
                0xfe0064b0        0x8 arch/powerpc/lib/libpowerpc.o
                0xfe0064b0                ft_verify_fdt
 .text.do_bootm_linux
                0xfe0064b8      0x20c arch/powerpc/lib/libpowerpc.o
                0xfe0064b8                do_bootm_linux
 .text.flush_cache
                0xfe0066c4       0x64 arch/powerpc/lib/libpowerpc.o
                0xfe0066c4                flush_cache
 .text.search_exception_table
                0xfe006728       0x88 arch/powerpc/lib/libpowerpc.o
                0xfe006728                search_exception_table
 .text.enable_interrupts
                0xfe0067b0       0x10 arch/powerpc/lib/libpowerpc.o
                0xfe0067b0                enable_interrupts
 .text.disable_interrupts
                0xfe0067c0       0x14 arch/powerpc/lib/libpowerpc.o
                0xfe0067c0                disable_interrupts
 .text.interrupt_init
                0xfe0067d4       0x5c arch/powerpc/lib/libpowerpc.o
                0xfe0067d4                interrupt_init
 .text.timer_interrupt
                0xfe006830       0x54 arch/powerpc/lib/libpowerpc.o
                0xfe006830                timer_interrupt
 .text.get_timer
                0xfe006884       0x30 arch/powerpc/lib/libpowerpc.o
                0xfe006884                get_timer
 .text.usec2ticks
                0xfe0068b4       0x84 arch/powerpc/lib/libpowerpc.o
                0xfe0068b4                usec2ticks
 .text.__udelay
                0xfe006938       0x24 arch/powerpc/lib/libpowerpc.o
                0xfe006938                __udelay
 .text.init_timebase
                0xfe00695c       0x14 arch/powerpc/lib/libpowerpc.o
                0xfe00695c                init_timebase
 .text.print_num
                0xfe006970       0x40 common/libcommon.o
 .text.print_mhz
                0xfe0069b0       0x50 common/libcommon.o
 .text.print_eth
                0xfe006a00       0x70 common/libcommon.o
 .text.do_bdinfo
                0xfe006a70       0xf8 common/libcommon.o
                0xfe006a70                do_bdinfo
 .text.do_go_exec
                0xfe006b68       0x30 common/libcommon.o
                0xfe006b68                do_go_exec
 .text.do_go    0xfe006b98       0xa8 common/libcommon.o
                0xfe006b98                do_go
 .text.do_imls  0xfe006c40      0x134 common/libcommon.o
 .text.image_info
                0xfe006d74       0xec common/libcommon.o
 .text.do_iminfo
                0xfe006e60       0xb4 common/libcommon.o
                0xfe006e60                do_iminfo
 .text.do_bootd
                0xfe006f14       0x4c common/libcommon.o
                0xfe006f14                do_bootd
 .text.do_bootm_rtems
                0xfe006f60       0x6c common/libcommon.o
 .text.do_bootm_netbsd
                0xfe006fcc      0x19c common/libcommon.o
 .text.bootm_start
                0xfe007168      0x470 common/libcommon.o
 .text.bootm_load_os
                0xfe0075d8      0x204 common/libcommon.o
 .text.__arch_preboot_os
                0xfe0077dc        0x4 common/libcommon.o
                0xfe0077dc                arch_preboot_os
                0xfe0077dc                __arch_preboot_os
 .text.do_bootm_subcommand
                0xfe0077e0      0x2f8 common/libcommon.o
                0xfe0077e0                do_bootm_subcommand
 .text.do_bootm
                0xfe007ad8      0x318 common/libcommon.o
                0xfe007ad8                do_bootm
 .text.bootm_maybe_autostart
                0xfe007df0       0xa4 common/libcommon.o
                0xfe007df0                bootm_maybe_autostart
 .text.do_coninfo
                0xfe007e94      0x148 common/libcommon.o
                0xfe007e94                do_coninfo
 .text.cnvrt2   0xfe007fdc       0x5c common/libcommon.o
 .text.mk_date  0xfe008038      0x278 common/libcommon.o
                0xfe008038                mk_date
 .text.do_date  0xfe0082b0      0x130 common/libcommon.o
                0xfe0082b0                do_date
 .text.common_diskboot
                0xfe0083e0      0x278 common/libcommon.o
                0xfe0083e0                common_diskboot
 .text.do_echo  0xfe008658      0x13c common/libcommon.o
                0xfe008658                do_echo
 .text.do_exit  0xfe008794       0x44 common/libcommon.o
                0xfe008794                do_exit
 .text.do_ext2load
                0xfe0087d8       0x2c common/libcommon.o
                0xfe0087d8                do_ext2load
 .text.do_ext2ls
                0xfe008804       0x2c common/libcommon.o
                0xfe008804                do_ext2ls
 .text.do_ext_load
                0xfe008830      0x28c common/libcommon.o
                0xfe008830                do_ext_load
 .text.do_ext_ls
                0xfe008abc      0x10c common/libcommon.o
                0xfe008abc                do_ext_ls
 .text.fdt_valid
                0xfe008bc8       0xfc common/libcommon.o
 .text.print_data
                0xfe008cc4      0x218 common/libcommon.o
 .text.set_working_fdt_addr
                0xfe008edc       0x50 common/libcommon.o
                0xfe008edc                set_working_fdt_addr
 .text.do_fdt   0xfe008f2c      0xddc common/libcommon.o
                0xfe008f2c                do_fdt
 .text.flash_fill_sect_ranges
                0xfe009d08      0x1b8 common/libcommon.o
 .text.abbrev_spec
                0xfe009ec0      0x204 common/libcommon.o
 .text.do_flinfo
                0xfe00a0c4       0x94 common/libcommon.o
                0xfe00a0c4                do_flinfo
 .text.flash_sect_roundb
                0xfe00a158       0xc8 common/libcommon.o
                0xfe00a158                flash_sect_roundb
 .text.addr_spec
                0xfe00a220      0x128 common/libcommon.o
 .text.flash_sect_erase
                0xfe00a348       0xbc common/libcommon.o
                0xfe00a348                flash_sect_erase
 .text.do_flerase
                0xfe00a404      0x298 common/libcommon.o
                0xfe00a404                do_flerase
 .text.flash_sect_protect
                0xfe00a69c      0x14c common/libcommon.o
                0xfe00a69c                flash_sect_protect
 .text.do_protect
                0xfe00a7e8      0x498 common/libcommon.o
                0xfe00a7e8                do_protect
 .text.do_hello
                0xfe00ac80       0x38 common/libcommon.o
                0xfe00ac80                do_hello
 .text.do_help  0xfe00acb8       0x64 common/libcommon.o
                0xfe00acb8                do_help
 .text.get_alen
                0xfe00ad1c       0x70 common/libcommon.o
 .text.do_i2c   0xfe00ad8c       0xa8 common/libcommon.o
 .text.do_i2c_reset
                0xfe00ae34       0x30 common/libcommon.o
 .text.do_i2c_read
                0xfe00ae64      0x104 common/libcommon.o
 .text.do_i2c_probe
                0xfe00af68       0xb4 common/libcommon.o
 .text.do_i2c_md
                0xfe00b01c      0x270 common/libcommon.o
 .text.mod_i2c_mem
                0xfe00b28c      0x29c common/libcommon.o
 .text.do_i2c_nm
                0xfe00b528       0x38 common/libcommon.o
 .text.do_i2c_mm
                0xfe00b560       0x38 common/libcommon.o
 .text.do_i2c_mw
                0xfe00b598      0x154 common/libcommon.o
 .text.do_i2c_loop
                0xfe00b6ec      0x130 common/libcommon.o
 .text.do_i2c_crc
                0xfe00b81c      0x160 common/libcommon.o
 .text.do_i2c_bus_speed
                0xfe00b97c       0x94 common/libcommon.o
 .text.evalstr  0xfe00ba10       0x38 common/libcommon.o
 .text.evalexp  0xfe00ba48       0x9c common/libcommon.o
 .text.binary_test
                0xfe00bae4      0x220 common/libcommon.o
                0xfe00bae4                binary_test
 .text.do_itest
                0xfe00bd04       0xbc common/libcommon.o
                0xfe00bd04                do_itest
 .text.bin_data_init
                0xfe00bdc0       0x40 common/libcommon.o
 .text.bin_data_char
                0xfe00be00       0x48 common/libcommon.o
 .text.load_serial_ymodem
                0xfe00be48      0x154 common/libcommon.o
 .text.getcxmodem
                0xfe00bf9c       0x34 common/libcommon.o
 .text.load_serial
                0xfe00bfd0      0x2bc common/libcommon.o
 .text.do_load_serial
                0xfe00c28c      0x1d0 common/libcommon.o
                0xfe00c28c                do_load_serial
 .text.send_pad
                0xfe00c45c       0x68 common/libcommon.o
                0xfe00c45c                send_pad
 .text.ktrans   0xfe00c4c4       0x28 common/libcommon.o
                0xfe00c4c4                ktrans
 .text.chk1     0xfe00c4ec       0x38 common/libcommon.o
                0xfe00c4ec                chk1
 .text.s1_sendpacket
                0xfe00c524       0x48 common/libcommon.o
                0xfe00c524                s1_sendpacket
 .text.send_ack
                0xfe00c56c       0x90 common/libcommon.o
                0xfe00c56c                send_ack
 .text.send_nack
                0xfe00c5fc       0x90 common/libcommon.o
                0xfe00c5fc                send_nack
 .text.k_data_init
                0xfe00c68c       0x48 common/libcommon.o
                0xfe00c68c                k_data_init
 .text.k_data_save
                0xfe00c6d4       0x54 common/libcommon.o
                0xfe00c6d4                k_data_save
 .text.k_data_restore
                0xfe00c728       0x54 common/libcommon.o
                0xfe00c728                k_data_restore
 .text.k_data_char
                0xfe00c77c       0x98 common/libcommon.o
                0xfe00c77c                k_data_char
 .text.handle_send_packet
                0xfe00c814      0x2b0 common/libcommon.o
                0xfe00c814                handle_send_packet
 .text.do_load_serial_bin
                0xfe00cac4      0x514 common/libcommon.o
                0xfe00cac4                do_load_serial_bin
 .text.extract_range
                0xfe00cfd8      0x148 common/libcommon.o
 .text.mdio_write_ranges
                0xfe00d120      0x128 common/libcommon.o
                0xfe00d120                mdio_write_ranges
 .text.mdio_read_ranges
                0xfe00d248      0x19c common/libcommon.o
                0xfe00d248                mdio_read_ranges
 .text.extract_reg_range
                0xfe00d3e4       0xe0 common/libcommon.o
                0xfe00d3e4                extract_reg_range
 .text.extract_phy_range
                0xfe00d4c4       0xdc common/libcommon.o
                0xfe00d4c4                extract_phy_range
 .text.do_mdio  0xfe00d5a0      0x25c common/libcommon.o
 .text.do_mem_crc
                0xfe00d7fc       0xf0 common/libcommon.o
                0xfe00d7fc                do_mem_crc
 .text.do_mem_base
                0xfe00d8ec       0x60 common/libcommon.o
                0xfe00d8ec                do_mem_base
 .text.do_mem_mtest
                0xfe00d94c      0x258 common/libcommon.o
                0xfe00d94c                do_mem_mtest
 .text.do_mem_loop
                0xfe00dba4      0x178 common/libcommon.o
                0xfe00dba4                do_mem_loop
 .text.do_mem_cmp
                0xfe00dd1c      0x198 common/libcommon.o
                0xfe00dd1c                do_mem_cmp
 .text.do_mem_mw
                0xfe00deb4      0x124 common/libcommon.o
                0xfe00deb4                do_mem_mw
 .text.do_mem_cp
                0xfe00dfd8      0x19c common/libcommon.o
                0xfe00dfd8                do_mem_cp
 .text.mod_mem  0xfe00e174      0x208 common/libcommon.o
 .text.do_mem_nm
                0xfe00e37c       0x38 common/libcommon.o
                0xfe00e37c                do_mem_nm
 .text.do_mem_mm
                0xfe00e3b4       0x38 common/libcommon.o
                0xfe00e3b4                do_mem_mm
 .text.do_mem_md
                0xfe00e3ec      0x120 common/libcommon.o
                0xfe00e3ec                do_mem_md
 .text.do_mii   0xfe00e50c      0x8bc common/libcommon.o
 .text.do_sleep
                0xfe00edc8       0xa8 common/libcommon.o
                0xfe00edc8                do_sleep
 .text.mtd_part_info
                0xfe00ee70       0xd4 common/libcommon.o
 .text.index_partitions
                0xfe00ef44       0xf0 common/libcommon.o
 .text.memsize_format
                0xfe00f034       0x80 common/libcommon.o
 .text.current_save
                0xfe00f0b4       0xbc common/libcommon.o
 .text.part_sort_add
                0xfe00f170      0x17c common/libcommon.o
 .text.part_delall
                0xfe00f2ec       0x8c common/libcommon.o
 .text.device_delall
                0xfe00f378       0xb8 common/libcommon.o
 .text.mtd_devices_init
                0xfe00f430       0x50 common/libcommon.o
 .text.device_del
                0xfe00f480       0xb8 common/libcommon.o
 .text.memsize_parse
                0xfe00f538       0x84 common/libcommon.o
 .text.get_mtd_info
                0xfe00f5bc       0x9c common/libcommon.o
 .text.part_validate
                0xfe00f658      0x350 common/libcommon.o
 .text.generate_mtdparts_save
                0xfe00f9a8      0x358 common/libcommon.o
 .text.mtd_device_validate
                0xfe00fd00       0x54 common/libcommon.o
                0xfe00fd00                mtd_device_validate
 .text.device_find
                0xfe00fd54       0x74 common/libcommon.o
                0xfe00fd54                device_find
 .text.device_parse
                0xfe00fdc8      0x5e0 common/libcommon.o
 .text.mtd_id_parse
                0xfe0103a8      0x164 common/libcommon.o
                0xfe0103a8                mtd_id_parse
 .text.find_dev_and_part
                0xfe01050c      0x21c common/libcommon.o
                0xfe01050c                find_dev_and_part
 .text.mtdparts_init
                0xfe010728      0x6c4 common/libcommon.o
                0xfe010728                mtdparts_init
 .text.do_mtdparts
                0xfe010dec      0x6a4 common/libcommon.o
                0xfe010dec                do_mtdparts
 .text.do_chpart
                0xfe011490       0xf0 common/libcommon.o
                0xfe011490                do_chpart
 .text.set_dev  0xfe011580       0x8c common/libcommon.o
 .text.nand_print_and_set_info
                0xfe01160c       0xfc common/libcommon.o
 .text.nand_load_image
                0xfe011708      0x1dc common/libcommon.o
 .text.do_nandboot
                0xfe0118e4      0x2b8 common/libcommon.o
                0xfe0118e4                do_nandboot
 .text.arg_off  0xfe011b9c      0x16c common/libcommon.o
 .text.arg_off_size
                0xfe011d08      0x1c8 common/libcommon.o
 .text.do_nand  0xfe011ed0      0xc1c common/libcommon.o
                0xfe011ed0                do_nand
 .text.do_ping  0xfe012aec       0x9c common/libcommon.o
                0xfe012aec                do_ping
 .text.netboot_common
                0xfe012b88      0x2c0 common/libcommon.o
 .text.do_nfs   0xfe012e48       0x28 common/libcommon.o
                0xfe012e48                do_nfs
 .text.do_tftpb
                0xfe012e70       0x28 common/libcommon.o
                0xfe012e70                do_tftpb
 .text.do_bootp
                0xfe012e98       0x28 common/libcommon.o
                0xfe012e98                do_bootp
 .text.do_env   0xfe012ec0       0xa8 common/libcommon.o
 .text.do_env_delete
                0xfe012f68       0x38 common/libcommon.o
 .text.do_env_import
                0xfe012fa0      0x2bc common/libcommon.o
 .text.do_env_default
                0xfe01325c       0xc8 common/libcommon.o
 .text.do_env_save
                0xfe013324       0x4c common/libcommon.o
                0xfe013324                do_env_save
 .text.env_print
                0xfe013370       0xc0 common/libcommon.o
 .text.do_env_print
                0xfe013430       0xd0 common/libcommon.o
                0xfe013430                do_env_print
 .text.get_env_id
                0xfe013500       0x2c common/libcommon.o
                0xfe013500                get_env_id
 .text.env_check_apply
                0xfe01352c      0x24c common/libcommon.o
                0xfe01352c                env_check_apply
 .text._do_env_set
                0xfe013778      0x218 common/libcommon.o
                0xfe013778                _do_env_set
 .text.do_env_set
                0xfe013990       0x40 common/libcommon.o
                0xfe013990                do_env_set
 .text.do_env_export
                0xfe0139d0      0x380 common/libcommon.o
 .text.setenv   0xfe013d50       0x7c common/libcommon.o
                0xfe013d50                setenv
 .text.envmatch
                0xfe013dcc       0xa8 common/libcommon.o
                0xfe013dcc                envmatch
 .text.getenv_f
                0xfe013e74      0x12c common/libcommon.o
                0xfe013e74                getenv_f
 .text.getenv   0xfe013fa0       0x94 common/libcommon.o
                0xfe013fa0                getenv
 .text.getenv_ulong
                0xfe014034       0x5c common/libcommon.o
                0xfe014034                getenv_ulong
 .text.do_env_edit
                0xfe014090       0xd8 common/libcommon.o
                0xfe014090                do_env_edit
 .text.pci_cfg_write
                0xfe014168       0x50 common/libcommon.o
 .text.pci_cfg_modify
                0xfe0141b8      0x1c8 common/libcommon.o
 .text.pci_header_show_brief
                0xfe014380       0xa4 common/libcommon.o
                0xfe014380                pci_header_show_brief
 .text.pci_header_show
                0xfe014424      0x83c common/libcommon.o
                0xfe014424                pci_header_show
 .text.pciinfo  0xfe014c60      0x1e8 common/libcommon.o
                0xfe014c60                pciinfo
 .text.do_pci   0xfe014e48      0x498 common/libcommon.o
                0xfe014e48                do_pci
 .text.__sata_initialize
                0xfe0152e0      0x148 common/libcommon.o
                0xfe0152e0                sata_initialize
                0xfe0152e0                __sata_initialize
 .text.do_sata  0xfe015428      0x4d0 common/libcommon.o
                0xfe015428                do_sata
 .text.sata_get_dev
                0xfe0158f8       0x48 common/libcommon.o
                0xfe0158f8                sata_get_dev
 .text.source   0xfe015940      0x130 common/libcommon.o
                0xfe015940                source
 .text.do_source
                0xfe015a70       0x6c common/libcommon.o
                0xfe015a70                do_source
 .text.do_false
                0xfe015adc        0x8 common/libcommon.o
                0xfe015adc                do_false
 .text.do_true  0xfe015ae4        0x8 common/libcommon.o
                0xfe015ae4                do_true
 .text.do_test  0xfe015aec      0x5cc common/libcommon.o
                0xfe015aec                do_test
 .text.do_usbboot
                0xfe0160b8       0x34 common/libcommon.o
                0xfe0160b8                do_usbboot
 .text.usb_get_class_desc
                0xfe0160ec       0xc8 common/libcommon.o
                0xfe0160ec                usb_get_class_desc
 .text.usb_display_class_sub
                0xfe0161b4      0x1cc common/libcommon.o
                0xfe0161b4                usb_display_class_sub
 .text.usb_display_string
                0xfe016380       0x64 common/libcommon.o
                0xfe016380                usb_display_string
 .text.usb_display_desc
                0xfe0163e4      0x12c common/libcommon.o
                0xfe0163e4                usb_display_desc
 .text.usb_display_conf_desc
                0xfe016510       0xc0 common/libcommon.o
                0xfe016510                usb_display_conf_desc
 .text.usb_display_if_desc
                0xfe0165d0       0xa8 common/libcommon.o
                0xfe0165d0                usb_display_if_desc
 .text.usb_display_ep_desc
                0xfe016678       0xe4 common/libcommon.o
                0xfe016678                usb_display_ep_desc
 .text.usb_display_config
                0xfe01675c       0xf0 common/libcommon.o
                0xfe01675c                usb_display_config
 .text.usb_show_tree_graph
                0xfe01684c      0x2b4 common/libcommon.o
                0xfe01684c                usb_show_tree_graph
 .text.usb_show_tree
                0xfe016b00       0x44 common/libcommon.o
                0xfe016b00                usb_show_tree
 .text.do_usb   0xfe016b44      0x5a8 common/libcommon.o
                0xfe016b44                do_usb
 .text.do_version
                0xfe0170ec       0x4c common/libcommon.o
                0xfe0170ec                do_version
 .text.do_imgextract
                0xfe017138      0x2e0 common/libcommon.o
                0xfe017138                do_imgextract
 .text.find_cmd_tbl
                0xfe017418      0x108 common/libcommon.o
                0xfe017418                find_cmd_tbl
 .text.find_cmd
                0xfe017520       0x4c common/libcommon.o
                0xfe017520                find_cmd
 .text.cmd_usage
                0xfe01756c       0x7c common/libcommon.o
                0xfe01756c                cmd_usage
 .text._do_help
                0xfe0175e8      0x238 common/libcommon.o
                0xfe0175e8                _do_help
 .text.var_complete
                0xfe017820       0x94 common/libcommon.o
                0xfe017820                var_complete
 .text.cmd_auto_complete
                0xfe0178b4      0x604 common/libcommon.o
                0xfe0178b4                cmd_auto_complete
 .text.cmd_get_data_size
                0xfe017eb8       0xa4 common/libcommon.o
                0xfe017eb8                cmd_get_data_size
 .text.cmd_process
                0xfe017f5c      0x104 common/libcommon.o
                0xfe017f5c                cmd_process
 .text.console_setfile
                0xfe018060       0xe0 common/libcommon.o
 .text.fgetc    0xfe018140       0x54 common/libcommon.o
                0xfe018140                fgetc
 .text.ftstc    0xfe018194       0x54 common/libcommon.o
                0xfe018194                ftstc
 .text.fputc    0xfe0181e8       0x50 common/libcommon.o
                0xfe0181e8                fputc
 .text.fputs    0xfe018238       0x50 common/libcommon.o
                0xfe018238                fputs
 .text.getc     0xfe018288       0x44 common/libcommon.o
                0xfe018288                getc
 .text.tstc     0xfe0182cc       0x44 common/libcommon.o
                0xfe0182cc                tstc
 .text.putc     0xfe018310       0x48 common/libcommon.o
                0xfe018310                putc
 .text.puts     0xfe018358       0x48 common/libcommon.o
                0xfe018358                puts
 .text.printf   0xfe0183a0       0x94 common/libcommon.o
                0xfe0183a0                printf
 .text.vprintf  0xfe018434       0x5c common/libcommon.o
                0xfe018434                vprintf
 .text.ctrlc    0xfe018490       0x88 common/libcommon.o
                0xfe018490                ctrlc
 .text.had_ctrlc
                0xfe018518       0x2c common/libcommon.o
                0xfe018518                had_ctrlc
 .text.clear_ctrlc
                0xfe018544       0x30 common/libcommon.o
                0xfe018544                clear_ctrlc
 .text.search_device
                0xfe018574       0x48 common/libcommon.o
                0xfe018574                search_device
 .text.console_assign
                0xfe0185bc       0x6c common/libcommon.o
                0xfe0185bc                console_assign
 .text.console_init_f
                0xfe018628       0x10 common/libcommon.o
                0xfe018628                console_init_f
 .text.stdio_print_current_devices
                0xfe018638       0xbc common/libcommon.o
                0xfe018638                stdio_print_current_devices
 .text.console_init_r
                0xfe0186f4      0x128 common/libcommon.o
                0xfe0186f4                console_init_r
 .text.sbrk     0xfe01881c       0x94 common/libcommon.o
                0xfe01881c                sbrk
 .text.mem_malloc_init
                0xfe0188b0       0x54 common/libcommon.o
                0xfe0188b0                mem_malloc_init
 .text.malloc_trim
                0xfe018904      0x10c common/libcommon.o
                0xfe018904                malloc_trim
 .text.free     0xfe018a10      0x2a8 common/libcommon.o
                0xfe018a10                free
 .text.malloc   0xfe018cb8      0x770 common/libcommon.o
                0xfe018cb8                malloc
 .text.calloc   0xfe019428      0x120 common/libcommon.o
                0xfe019428                calloc
 .text.memalign
                0xfe019548      0x15c common/libcommon.o
                0xfe019548                memalign
 .text.realloc  0xfe0196a4      0x594 common/libcommon.o
                0xfe0196a4                realloc
 .text.__env_get_char_spec
                0xfe019c38        0xc common/libcommon.o
                0xfe019c38                env_get_char_spec
 .text.env_get_addr
                0xfe019c44       0x44 common/libcommon.o
                0xfe019c44                env_get_addr
 .text.env_get_char_memory
                0xfe019c88       0x24 common/libcommon.o
                0xfe019c88                env_get_char_memory
 .text.env_get_char
                0xfe019cac       0x5c common/libcommon.o
                0xfe019cac                env_get_char
 .text.set_default_env
                0xfe019d08       0xc0 common/libcommon.o
                0xfe019d08                set_default_env
 .text.set_default_vars
                0xfe019dc8       0x50 common/libcommon.o
                0xfe019dc8                set_default_vars
 .text.env_import
                0xfe019e18       0xe4 common/libcommon.o
                0xfe019e18                env_import
 .text.env_relocate
                0xfe019efc       0x50 common/libcommon.o
                0xfe019efc                env_relocate
 .text.env_complete
                0xfe019f4c      0x158 common/libcommon.o
                0xfe019f4c                env_complete
 .text.env_init
                0xfe01a0a4       0x84 common/libcommon.o
                0xfe01a0a4                env_init
 .text.saveenv  0xfe01a128      0x198 common/libcommon.o
                0xfe01a128                saveenv
 .text.env_relocate_spec
                0xfe01a2c0       0x28 common/libcommon.o
                0xfe01a2c0                env_relocate_spec
 .text.dummy    0xfe01a2e8        0x4 common/libcommon.o
 .text.get_version
                0xfe01a2ec        0x8 common/libcommon.o
                0xfe01a2ec                get_version
 .text.jumptable_init
                0xfe01a2f4      0x180 common/libcommon.o
                0xfe01a2f4                jumptable_init
 .text.write_cell
                0xfe01a474       0x50 common/libcommon.o
 .text.of_bus_default_map
                0xfe01a4c4      0x118 common/libcommon.o
 .text.of_bus_default_count_cells
                0xfe01a5dc       0xc0 common/libcommon.o
 .text.get_cells_len
                0xfe01a69c       0x54 common/libcommon.o
 .text.of_bus_default_translate
                0xfe01a6f0       0xdc common/libcommon.o
 .text.fdt_find_and_setprop
                0xfe01a7cc       0xc0 common/libcommon.o
                0xfe01a7cc                fdt_find_and_setprop
 .text.fdt_initrd
                0xfe01a88c      0x204 common/libcommon.o
                0xfe01a88c                fdt_initrd
 .text.fdt_chosen
                0xfe01aa90      0x244 common/libcommon.o
                0xfe01aa90                fdt_chosen
 .text.do_fixup_by_path
                0xfe01acd4       0x68 common/libcommon.o
                0xfe01acd4                do_fixup_by_path
 .text.do_fixup_by_prop
                0xfe01ad3c      0x11c common/libcommon.o
                0xfe01ad3c                do_fixup_by_prop
 .text.do_fixup_by_prop_u32
                0xfe01ae58       0x34 common/libcommon.o
                0xfe01ae58                do_fixup_by_prop_u32
 .text.do_fixup_by_compat
                0xfe01ae8c       0xf4 common/libcommon.o
                0xfe01ae8c                do_fixup_by_compat
 .text.do_fixup_by_compat_u32
                0xfe01af80       0x34 common/libcommon.o
                0xfe01af80                do_fixup_by_compat_u32
 .text.fdt_fixup_memory_banks
                0xfe01afb4      0x23c common/libcommon.o
                0xfe01afb4                fdt_fixup_memory_banks
 .text.fdt_fixup_memory
                0xfe01b1f0       0x3c common/libcommon.o
                0xfe01b1f0                fdt_fixup_memory
 .text.fdt_fixup_ethernet
                0xfe01b22c      0x1c8 common/libcommon.o
                0xfe01b22c                fdt_fixup_ethernet
 .text.fdt_resize
                0xfe01b3f4       0xf0 common/libcommon.o
                0xfe01b3f4                fdt_resize
 .text.flash_protect
                0xfe01b4e4      0x154 common/libcommon.o
                0xfe01b4e4                flash_protect
 .text.addr2info
                0xfe01b638       0x80 common/libcommon.o
                0xfe01b638                addr2info
 .text.flash_write
                0xfe01b6b8      0x198 common/libcommon.o
                0xfe01b6b8                flash_write
 .text.flash_perror
                0xfe01b850      0x118 common/libcommon.o
                0xfe01b850                flash_perror
 .text.b_reset  0xfe01b968       0x24 common/libcommon.o
 .text.static_get
                0xfe01b98c       0x24 common/libcommon.o
 .text.static_peek
                0xfe01b9b0        0xc common/libcommon.o
 .text.file_peek
                0xfe01b9bc        0xc common/libcommon.o
 .text.setup_string_in_str
                0xfe01b9c8       0x44 common/libcommon.o
 .text.is_assignment
                0xfe01ba0c       0x74 common/libcommon.o
 .text.syntax_err
                0xfe01ba80       0x34 common/libcommon.o
 .text.do_showvar
                0xfe01bab4      0x1a8 common/libcommon.o
                0xfe01bab4                do_showvar
 .text.xmalloc  0xfe01bc5c       0x44 common/libcommon.o
 .text.file_get
                0xfe01bca0      0x25c common/libcommon.o
 .text.free_pipe_list
                0xfe01befc      0x164 common/libcommon.o
 .text.b_free   0xfe01c060       0x40 common/libcommon.o
 .text.xrealloc
                0xfe01c0a0       0x44 common/libcommon.o
 .text.done_command
                0xfe01c0e4       0xc0 common/libcommon.o
 .text.b_addchr
                0xfe01c1a4       0xbc common/libcommon.o
 .text.b_addqchr
                0xfe01c260       0x7c common/libcommon.o
 .text.get_local_var
                0xfe01c2dc       0xd8 common/libcommon.o
                0xfe01c2dc                get_local_var
 .text.set_local_var
                0xfe01c3b4      0x218 common/libcommon.o
                0xfe01c3b4                set_local_var
 .text.insert_var_value_sub
                0xfe01c5cc      0x37c common/libcommon.o
 .text.insert_var_value
                0xfe01c948       0x24 common/libcommon.o
 .text.new_pipe
                0xfe01c96c       0x3c common/libcommon.o
                0xfe01c96c                new_pipe
 .text.initialize_context
                0xfe01c9a8       0x64 common/libcommon.o
 .text.done_pipe
                0xfe01ca0c       0x78 common/libcommon.o
 .text.reserved_word
                0xfe01ca84      0x1d4 common/libcommon.o
                0xfe01ca84                reserved_word
 .text.done_word
                0xfe01cc58      0x210 common/libcommon.o
 .text.mapset   0xfe01ce68       0x44 common/libcommon.o
                0xfe01ce68                mapset
 .text.update_ifs_map
                0xfe01ceac       0xa8 common/libcommon.o
                0xfe01ceac                update_ifs_map
 .text.parse_string_outer
                0xfe01cf54      0x100 common/libcommon.o
                0xfe01cf54                parse_string_outer
 .text.run_list_real
                0xfe01d054      0x960 common/libcommon.o
 .text.parse_stream_outer
                0xfe01d9b4      0x74c common/libcommon.o
 .text.parse_file_outer
                0xfe01e100       0x5c common/libcommon.o
                0xfe01e100                parse_file_outer
 .text.u_boot_hush_start
                0xfe01e15c       0x74 common/libcommon.o
                0xfe01e15c                u_boot_hush_start
 .text.hwconfig_parse
                0xfe01e1d0      0x1a8 common/libcommon.o
 .text.__hwconfig
                0xfe01e378      0x104 common/libcommon.o
 .text.hwconfig_f
                0xfe01e47c       0x34 common/libcommon.o
                0xfe01e47c                hwconfig_f
 .text.hwconfig_arg_f
                0xfe01e4b0       0x20 common/libcommon.o
                0xfe01e4b0                hwconfig_arg_f
 .text.hwconfig_arg_cmp_f
                0xfe01e4d0       0x80 common/libcommon.o
                0xfe01e4d0                hwconfig_arg_cmp_f
 .text.hwconfig_sub_f
                0xfe01e550       0x74 common/libcommon.o
                0xfe01e550                hwconfig_sub_f
 .text.hwconfig_subarg_f
                0xfe01e5c4       0x78 common/libcommon.o
                0xfe01e5c4                hwconfig_subarg_f
 .text.hwconfig_subarg_cmp_f
                0xfe01e63c       0x80 common/libcommon.o
                0xfe01e63c                hwconfig_subarg_cmp_f
 .text.fdt_error
                0xfe01e6bc       0x50 common/libcommon.o
 .text.image_check_hcrc
                0xfe01e70c       0x60 common/libcommon.o
                0xfe01e70c                image_check_hcrc
 .text.image_check_dcrc
                0xfe01e76c       0x4c common/libcommon.o
                0xfe01e76c                image_check_dcrc
 .text.image_multi_count
                0xfe01e7b8       0x30 common/libcommon.o
                0xfe01e7b8                image_multi_count
 .text.image_multi_getimg
                0xfe01e7e8       0xdc common/libcommon.o
                0xfe01e7e8                image_multi_getimg
 .text.getenv_yesno
                0xfe01e8c4       0x40 common/libcommon.o
                0xfe01e8c4                getenv_yesno
 .text.getenv_bootm_low
                0xfe01e904       0x54 common/libcommon.o
                0xfe01e904                getenv_bootm_low
 .text.getenv_bootm_size
                0xfe01e958       0x78 common/libcommon.o
                0xfe01e958                getenv_bootm_size
 .text.getenv_bootm_mapsize
                0xfe01e9d0       0x50 common/libcommon.o
                0xfe01e9d0                getenv_bootm_mapsize
 .text.memmove_wd
                0xfe01ea20       0x28 common/libcommon.o
                0xfe01ea20                memmove_wd
 .text.genimg_print_size
                0xfe01ea48       0x54 common/libcommon.o
                0xfe01ea48                genimg_print_size
 .text.get_table_entry_name
                0xfe01ea9c       0x3c common/libcommon.o
                0xfe01ea9c                get_table_entry_name
 .text.genimg_get_os_name
                0xfe01ead8       0x3c common/libcommon.o
                0xfe01ead8                genimg_get_os_name
 .text.genimg_get_arch_name
                0xfe01eb14       0x3c common/libcommon.o
                0xfe01eb14                genimg_get_arch_name
 .text.genimg_get_type_name
                0xfe01eb50       0x3c common/libcommon.o
                0xfe01eb50                genimg_get_type_name
 .text.genimg_get_comp_name
                0xfe01eb8c       0x3c common/libcommon.o
                0xfe01eb8c                genimg_get_comp_name
 .text.image_print_contents
                0xfe01ebc8      0x1d8 common/libcommon.o
                0xfe01ebc8                image_print_contents
 .text.genimg_get_format
                0xfe01eda0       0x4c common/libcommon.o
                0xfe01eda0                genimg_get_format
 .text.genimg_get_image
                0xfe01edec        0x4 common/libcommon.o
                0xfe01edec                genimg_get_image
 .text.genimg_has_config
                0xfe01edf0        0x8 common/libcommon.o
                0xfe01edf0                genimg_has_config
 .text.boot_get_ramdisk
                0xfe01edf8      0x284 common/libcommon.o
                0xfe01edf8                boot_get_ramdisk
 .text.boot_ramdisk_high
                0xfe01f07c      0x18c common/libcommon.o
                0xfe01f07c                boot_ramdisk_high
 .text.boot_fdt_add_mem_rsv_regions
                0xfe01f208       0xd4 common/libcommon.o
                0xfe01f208                boot_fdt_add_mem_rsv_regions
 .text.boot_relocate_fdt
                0xfe01f2dc      0x1fc common/libcommon.o
                0xfe01f2dc                boot_relocate_fdt
 .text.boot_get_fdt
                0xfe01f4d8      0x2ac common/libcommon.o
                0xfe01f4d8                boot_get_fdt
 .text.boot_get_cmdline
                0xfe01f784       0xbc common/libcommon.o
                0xfe01f784                boot_get_cmdline
 .text.boot_get_kbd
                0xfe01f840       0x88 common/libcommon.o
                0xfe01f840                boot_get_kbd
 .text.delete_char
                0xfe01f8c8      0x14c common/libcommon.o
 .text.cread_add_char
                0xfe01fa14      0x12c common/libcommon.o
 .text.cread_add_str
                0xfe01fb40       0xa4 common/libcommon.o
 .text.__show_boot_progress
                0xfe01fbe4        0x4 common/libcommon.o
                0xfe01fbe4                __show_boot_progress
                0xfe01fbe4                show_boot_progress
 .text.readline_into_buffer
                0xfe01fbe8      0xb40 common/libcommon.o
                0xfe01fbe8                readline_into_buffer
 .text.readline
                0xfe020728       0x40 common/libcommon.o
                0xfe020728                readline
 .text.run_command
                0xfe020768       0x24 common/libcommon.o
                0xfe020768                run_command
 .text.run_command_list
                0xfe02078c       0x9c common/libcommon.o
                0xfe02078c                run_command_list
 .text.main_loop
                0xfe020828      0x194 common/libcommon.o
                0xfe020828                main_loop
 .text.do_run   0xfe0209bc       0xc0 common/libcommon.o
                0xfe0209bc                do_run
 .text.legacy_miiphy_read
                0xfe020a7c       0x50 common/libcommon.o
 .text.legacy_miiphy_write
                0xfe020acc       0x3c common/libcommon.o
 .text.miiphy_get_dev_by_name
                0xfe020b08       0xa4 common/libcommon.o
                0xfe020b08                miiphy_get_dev_by_name
 .text.miiphy_init
                0xfe020bac       0x3c common/libcommon.o
                0xfe020bac                miiphy_init
 .text.mdio_alloc
                0xfe020be8       0x50 common/libcommon.o
                0xfe020be8                mdio_alloc
 .text.miiphy_register
                0xfe020c38      0x140 common/libcommon.o
                0xfe020c38                miiphy_register
 .text.mdio_register
                0xfe020d78       0xdc common/libcommon.o
                0xfe020d78                mdio_register
 .text.mdio_list_devices
                0xfe020e54      0x110 common/libcommon.o
                0xfe020e54                mdio_list_devices
 .text.miiphy_set_current_dev
                0xfe020f64       0x64 common/libcommon.o
                0xfe020f64                miiphy_set_current_dev
 .text.miiphy_get_active_dev
                0xfe020fc8       0x88 common/libcommon.o
 .text.mdio_get_current_dev
                0xfe021050       0x2c common/libcommon.o
                0xfe021050                mdio_get_current_dev
 .text.mdio_phydev_for_ethname
                0xfe02107c       0xf0 common/libcommon.o
                0xfe02107c                mdio_phydev_for_ethname
 .text.miiphy_get_current_dev
                0xfe02116c       0x40 common/libcommon.o
                0xfe02116c                miiphy_get_current_dev
 .text.miiphy_read
                0xfe0211ac       0x8c common/libcommon.o
                0xfe0211ac                miiphy_read
 .text.miiphy_write
                0xfe021238       0x78 common/libcommon.o
                0xfe021238                miiphy_write
 .text.miiphy_listdev
                0xfe0212b0       0xa0 common/libcommon.o
                0xfe0212b0                miiphy_listdev
 .text.miiphy_info
                0xfe021350       0xe8 common/libcommon.o
                0xfe021350                miiphy_info
 .text.miiphy_speed
                0xfe021438       0xe8 common/libcommon.o
                0xfe021438                miiphy_speed
 .text.miiphy_duplex
                0xfe021520       0xe8 common/libcommon.o
                0xfe021520                miiphy_duplex
 .text.miiphy_is_1000base_x
                0xfe021608        0x8 common/libcommon.o
                0xfe021608                miiphy_is_1000base_x
 .text.hex1_bin
                0xfe021610       0x50 common/libcommon.o
 .text.hex2_bin
                0xfe021660       0x70 common/libcommon.o
 .text.srec_decode
                0xfe0216d0      0x304 common/libcommon.o
                0xfe0216d0                srec_decode
 .text.stdio_get_list
                0xfe0219d4       0x2c common/libcommon.o
                0xfe0219d4                stdio_get_list
 .text.stdio_get_by_name
                0xfe021a00       0x9c common/libcommon.o
                0xfe021a00                stdio_get_by_name
 .text.stdio_clone
                0xfe021a9c       0x7c common/libcommon.o
                0xfe021a9c                stdio_clone
 .text.stdio_register
                0xfe021b18       0x64 common/libcommon.o
                0xfe021b18                stdio_register
 .text.stdio_init
                0xfe021b7c       0xa0 common/libcommon.o
                0xfe021b7c                stdio_init
 .text.usb_set_maxpacket_ep
                0xfe021c1c       0xbc common/libcommon.o
 .text.usb_stop
                0xfe021cd8       0x60 common/libcommon.o
                0xfe021cd8                usb_stop
 .text.usb_disable_asynch
                0xfe021d38       0x3c common/libcommon.o
                0xfe021d38                usb_disable_asynch
 .text.usb_control_msg
                0xfe021d74      0x13c common/libcommon.o
                0xfe021d74                usb_control_msg
 .text.usb_get_descriptor
                0xfe021eb0       0x6c common/libcommon.o
 .text.usb_get_string
                0xfe021f1c       0xd0 common/libcommon.o
 .text.usb_string_sub
                0xfe021fec      0x180 common/libcommon.o
 .text.usb_bulk_msg
                0xfe02216c       0xdc common/libcommon.o
                0xfe02216c                usb_bulk_msg
 .text.usb_maxpacket
                0xfe022248       0x28 common/libcommon.o
                0xfe022248                usb_maxpacket
 .text.usb_clear_halt
                0xfe022270       0xd8 common/libcommon.o
                0xfe022270                usb_clear_halt
 .text.usb_get_configuration_no
                0xfe022348       0xd4 common/libcommon.o
                0xfe022348                usb_get_configuration_no
 .text.usb_set_interface
                0xfe02241c      0x114 common/libcommon.o
                0xfe02241c                usb_set_interface
 .text.usb_string
                0xfe022530      0x198 common/libcommon.o
                0xfe022530                usb_string
 .text.usb_get_dev_index
                0xfe0226c8       0x48 common/libcommon.o
                0xfe0226c8                usb_get_dev_index
 .text.usb_alloc_new_device
                0xfe022710       0x98 common/libcommon.o
                0xfe022710                usb_alloc_new_device
 .text.usb_new_device
                0xfe0227a8      0x5ec common/libcommon.o
                0xfe0227a8                usb_new_device
 .text.usb_init
                0xfe022d94      0x134 common/libcommon.o
                0xfe022d94                usb_init
 .text.usb_get_hub_descriptor
                0xfe022ec8       0x64 common/libcommon.o
 .text.usb_get_port_status
                0xfe022f2c       0x64 common/libcommon.o
 .text.usb_set_port_feature
                0xfe022f90       0x60 common/libcommon.o
 .text.usb_clear_port_feature
                0xfe022ff0       0x60 common/libcommon.o
 .text.usb_hub_power_on
                0xfe023050       0x8c common/libcommon.o
 .text.usb_hub_reset
                0xfe0230dc       0x30 common/libcommon.o
                0xfe0230dc                usb_hub_reset
 .text.hub_port_reset
                0xfe02310c      0x134 common/libcommon.o
                0xfe02310c                hub_port_reset
 .text.usb_hub_port_connect_change
                0xfe023240      0x16c common/libcommon.o
                0xfe023240                usb_hub_port_connect_change
 .text.usb_hub_configure
                0xfe0233ac      0x350 common/libcommon.o
 .text.usb_hub_probe
                0xfe0236fc       0x8c common/libcommon.o
                0xfe0236fc                usb_hub_probe
 .text.usb_stor_irq
                0xfe023788       0x20 common/libcommon.o
 .text.usb_request_sense
                0xfe0237a8       0xa4 common/libcommon.o
 .text.usb_stor_BBB_reset
                0xfe02384c      0x118 common/libcommon.o
 .text.usb_stor_CB_reset
                0xfe023964      0x10c common/libcommon.o
 .text.usb_stor_get_dev
                0xfe023a70       0x50 common/libcommon.o
                0xfe023a70                usb_stor_get_dev
 .text.usb_show_progress
                0xfe023ac0        0x4 common/libcommon.o
                0xfe023ac0                usb_show_progress
 .text.usb_stor_write
                0xfe023ac4      0x268 common/libcommon.o
                0xfe023ac4                usb_stor_write
 .text.usb_stor_read
                0xfe023d2c      0x268 common/libcommon.o
                0xfe023d2c                usb_stor_read
 .text.usb_stor_info
                0xfe023f94       0xb0 common/libcommon.o
                0xfe023f94                usb_stor_info
 .text.usb_stor_BBB_comdat
                0xfe024044      0x148 common/libcommon.o
                0xfe024044                usb_stor_BBB_comdat
 .text.usb_stor_CB_comdat
                0xfe02418c      0x2e0 common/libcommon.o
                0xfe02418c                usb_stor_CB_comdat
 .text.usb_stor_CBI_get_status
                0xfe02446c      0x134 common/libcommon.o
                0xfe02446c                usb_stor_CBI_get_status
 .text.usb_stor_CB_transport
                0xfe0245a0      0x2a0 common/libcommon.o
                0xfe0245a0                usb_stor_CB_transport
 .text.usb_stor_BBB_clear_endpt_stall
                0xfe024840       0x64 common/libcommon.o
                0xfe024840                usb_stor_BBB_clear_endpt_stall
 .text.usb_stor_BBB_transport
                0xfe0248a4      0x2c8 common/libcommon.o
                0xfe0248a4                usb_stor_BBB_transport
 .text.usb_storage_probe
                0xfe024b6c      0x2ac common/libcommon.o
                0xfe024b6c                usb_storage_probe
 .text.usb_stor_get_info
                0xfe024e18      0x328 common/libcommon.o
                0xfe024e18                usb_stor_get_info
 .text.usb_stor_scan
                0xfe025140      0x274 common/libcommon.o
                0xfe025140                usb_stor_scan
 .text.CYGACC_COMM_IF_GETC_TIMEOUT
                0xfe0253b4       0x80 common/libcommon.o
                0xfe0253b4                CYGACC_COMM_IF_GETC_TIMEOUT
 .text.xyzModem_flush
                0xfe025434       0x50 common/libcommon.o
 .text.CYGACC_COMM_IF_PUTC
                0xfe025484       0x24 common/libcommon.o
                0xfe025484                CYGACC_COMM_IF_PUTC
 .text.xyzModem_get_hdr
                0xfe0254a8      0x344 common/libcommon.o
 .text.parse_num
                0xfe0257ec      0x168 common/libcommon.o
                0xfe0257ec                parse_num
 .text.xyzModem_stream_open
                0xfe025954      0x1d4 common/libcommon.o
                0xfe025954                xyzModem_stream_open
 .text.xyzModem_stream_read
                0xfe025b28      0x308 common/libcommon.o
                0xfe025b28                xyzModem_stream_read
 .text.xyzModem_stream_close
                0xfe025e30       0x64 common/libcommon.o
                0xfe025e30                xyzModem_stream_close
 .text.xyzModem_stream_terminate
                0xfe025e94      0x104 common/libcommon.o
                0xfe025e94                xyzModem_stream_terminate
 .text.xyzModem_error
                0xfe025f98       0x8c common/libcommon.o
                0xfe025f98                xyzModem_error
 .text.get_dev  0xfe026024       0xb4 disk/libdisk.o
                0xfe026024                get_dev
 .text.dev_print
                0xfe0260d8      0x2ac disk/libdisk.o
                0xfe0260d8                dev_print
 .text.init_part
                0xfe026384       0x48 disk/libdisk.o
                0xfe026384                init_part
 .text.print_part
                0xfe0263cc       0xf4 disk/libdisk.o
                0xfe0263cc                print_part
 .text.get_partition_info
                0xfe0264c0       0x44 disk/libdisk.o
                0xfe0264c0                get_partition_info
 .text.get_device
                0xfe026504       0xd0 disk/libdisk.o
                0xfe026504                get_device
 .text.get_device_and_partition
                0xfe0265d4      0x40c disk/libdisk.o
                0xfe0265d4                get_device_and_partition
 .text.get_partition_info_extended
                0xfe0269e0      0x368 disk/libdisk.o
 .text.test_block_type
                0xfe026d48       0x98 disk/libdisk.o
 .text.print_partition_extended
                0xfe026de0      0x2b4 disk/libdisk.o
 .text.test_part_dos
                0xfe027094       0x9c disk/libdisk.o
                0xfe027094                test_part_dos
 .text.print_part_dos
                0xfe027130       0x54 disk/libdisk.o
                0xfe027130                print_part_dos
 .text.get_partition_info_dos
                0xfe027184       0x38 disk/libdisk.o
                0xfe027184                get_partition_info_dos
 .text.fsl_sata_get_wcache
                0xfe0271bc       0x40 drivers/block/libblock.o
 .text.ata_wait_register
                0xfe0271fc       0xd8 drivers/block/libblock.o
 .text.fsl_ata_exec_ata_cmd
                0xfe0272d4      0x700 drivers/block/libblock.o
 .text.fsl_sata_exec_cmd
                0xfe0279d4       0xa4 drivers/block/libblock.o
 .text.fsl_sata_rw_cmd
                0xfe027a78       0xf4 drivers/block/libblock.o
 .text.fsl_sata_rw_cmd_ext
                0xfe027b6c      0x10c drivers/block/libblock.o
 .text.init_sata
                0xfe027c78      0x3dc drivers/block/libblock.o
                0xfe027c78                init_sata
 .text.fsl_sata_flush_cache
                0xfe028054       0x90 drivers/block/libblock.o
                0xfe028054                fsl_sata_flush_cache
 .text.fsl_sata_rw_ncq_cmd
                0xfe0280e4      0x134 drivers/block/libblock.o
                0xfe0280e4                fsl_sata_rw_ncq_cmd
 .text.fsl_sata_flush_cache_ext
                0xfe028218       0x90 drivers/block/libblock.o
                0xfe028218                fsl_sata_flush_cache_ext
 .text.ata_low_level_rw_lba48
                0xfe0282a8      0x150 drivers/block/libblock.o
                0xfe0282a8                ata_low_level_rw_lba48
 .text.ata_low_level_rw_lba28
                0xfe0283f8       0xbc drivers/block/libblock.o
                0xfe0283f8                ata_low_level_rw_lba28
 .text.sata_read
                0xfe0284b4       0x64 drivers/block/libblock.o
                0xfe0284b4                sata_read
 .text.sata_write
                0xfe028518       0xfc drivers/block/libblock.o
                0xfe028518                sata_write
 .text.scan_sata
                0xfe028614      0x388 drivers/block/libblock.o
                0xfe028614                scan_sata
 .text.ata_id_n_sectors
                0xfe02899c       0xa4 drivers/block/libblock.o
                0xfe02899c                ata_id_n_sectors
 .text.ata_dev_classify
                0xfe028a40       0x78 drivers/block/libblock.o
                0xfe028a40                ata_dev_classify
 .text.ata_id_c_string
                0xfe028ab8       0xa8 drivers/block/libblock.o
                0xfe028ab8                ata_id_c_string
 .text.ata_swap_buf_le16
                0xfe028b60       0x38 drivers/block/libblock.o
                0xfe028b60                ata_swap_buf_le16
 .text.set_i2c_bus_speed
                0xfe028b98      0x188 drivers/i2c/libi2c.o
 .text.i2c_wait4bus
                0xfe028d20       0xe0 drivers/i2c/libi2c.o
 .text.get_i2c_clock
                0xfe028e00       0x18 drivers/i2c/libi2c.o
                0xfe028e00                get_i2c_clock
 .text.i2c_init
                0xfe028e18       0xf0 drivers/i2c/libi2c.o
                0xfe028e18                i2c_init
 .text.i2c_read
                0xfe028f08      0x570 drivers/i2c/libi2c.o
                0xfe028f08                i2c_read
 .text.i2c_write
                0xfe029478      0x3c8 drivers/i2c/libi2c.o
                0xfe029478                i2c_write
 .text.i2c_probe
                0xfe029840       0x78 drivers/i2c/libi2c.o
                0xfe029840                i2c_probe
 .text.i2c_set_bus_num
                0xfe0298b8       0x40 drivers/i2c/libi2c.o
                0xfe0298b8                i2c_set_bus_num
 .text.i2c_set_bus_speed
                0xfe0298f8       0xa4 drivers/i2c/libi2c.o
                0xfe0298f8                i2c_set_bus_speed
 .text.i2c_get_bus_speed
                0xfe02999c       0x38 drivers/i2c/libi2c.o
                0xfe02999c                i2c_get_bus_speed
 .text.add_mtd_device
                0xfe0299d4       0xb4 drivers/mtd/libmtd.o
                0xfe0299d4                add_mtd_device
 .text.get_mtd_device_nm
                0xfe029a88       0xb4 drivers/mtd/libmtd.o
                0xfe029a88                get_mtd_device_nm
 .text.__flash_write8
                0xfe029b3c        0x8 drivers/mtd/libmtd.o
 .text.__flash_write16
                0xfe029b44        0x8 drivers/mtd/libmtd.o
 .text.__flash_write32
                0xfe029b4c        0x8 drivers/mtd/libmtd.o
 .text.__flash_write64
                0xfe029b54        0xc drivers/mtd/libmtd.o
 .text.__flash_read8
                0xfe029b60        0x8 drivers/mtd/libmtd.o
 .text.__flash_read16
                0xfe029b68        0x8 drivers/mtd/libmtd.o
 .text.__flash_read32
                0xfe029b70        0x8 drivers/mtd/libmtd.o
 .text.__flash_read64
                0xfe029b78       0x14 drivers/mtd/libmtd.o
 .text.flash_make_cmd
                0xfe029b8c       0x64 drivers/mtd/libmtd.o
 .text.flash_isequal
                0xfe029bf0      0x110 drivers/mtd/libmtd.o
 .text.flash_isset
                0xfe029d00      0x11c drivers/mtd/libmtd.o
 .text.use_flash_status_poll
                0xfe029e1c        0x8 drivers/mtd/libmtd.o
 .text.flash_status_poll
                0xfe029e24        0x8 drivers/mtd/libmtd.o
 .text.flash_add_byte
                0xfe029e2c       0x8c drivers/mtd/libmtd.o
 .text.find_sector
                0xfe029eb8      0x114 drivers/mtd/libmtd.o
 .text.cfi_reverse_geometry
                0xfe029fcc       0x60 drivers/mtd/libmtd.o
 .text.__cfi_flash_bank_addr
                0xfe02a02c        0x8 drivers/mtd/libmtd.o
                0xfe02a02c                cfi_flash_bank_addr
 .text.__cfi_flash_bank_size
                0xfe02a034        0x8 drivers/mtd/libmtd.o
                0xfe02a034                cfi_flash_bank_size
 .text.flash_get_info
                0xfe02a03c       0x28 drivers/mtd/libmtd.o
                0xfe02a03c                flash_get_info
 .text.flash_write_cmd
                0xfe02a064       0xd4 drivers/mtd/libmtd.o
                0xfe02a064                flash_write_cmd
 .text.flash_unlock_seq
                0xfe02a138       0x5c drivers/mtd/libmtd.o
 .text.flash_status_check
                0xfe02a194      0x2e8 drivers/mtd/libmtd.o
 .text.flash_full_status_check
                0xfe02a47c      0x1a4 drivers/mtd/libmtd.o
 .text.flash_write_cfiword
                0xfe02a620      0x2c0 drivers/mtd/libmtd.o
 .text.flash_erase
                0xfe02a8e0      0x284 drivers/mtd/libmtd.o
                0xfe02a8e0                flash_erase
 .text.flash_print_info
                0xfe02ab64      0x284 drivers/mtd/libmtd.o
                0xfe02ab64                flash_print_info
 .text.write_buff
                0xfe02ade8      0x30c drivers/mtd/libmtd.o
                0xfe02ade8                write_buff
 .text.flash_real_protect
                0xfe02b0f4      0x418 drivers/mtd/libmtd.o
                0xfe02b0f4                flash_real_protect
 .text.__flash_cmd_reset
                0xfe02b50c       0x54 drivers/mtd/libmtd.o
                0xfe02b50c                flash_cmd_reset
                0xfe02b50c                __flash_cmd_reset
 .text.flash_get_size
                0xfe02b560      0xa40 drivers/mtd/libmtd.o
                0xfe02b560                flash_get_size
 .text.flash_protect_default
                0xfe02bfa0       0x80 drivers/mtd/libmtd.o
                0xfe02bfa0                flash_protect_default
 .text.flash_init
                0xfe02c020      0x14c drivers/mtd/libmtd.o
                0xfe02c020                flash_init
 .text.nand_register
                0xfe02c16c       0xc8 drivers/mtd/nand/libnand.o
                0xfe02c16c                nand_register
 .text.nand_init
                0xfe02c234       0x44 drivers/mtd/nand/libnand.o
                0xfe02c234                nand_init
 .text.scan_read_raw_oob
                0xfe02c278      0x11c drivers/mtd/nand/libnand.o
 .text.scan_read_raw
                0xfe02c394       0x54 drivers/mtd/nand/libnand.o
 .text.bbt_get_ver_offs
                0xfe02c3e8       0x20 drivers/mtd/nand/libnand.o
 .text.read_bbt
                0xfe02c408      0x3b4 drivers/mtd/nand/libnand.o
 .text.read_abs_bbt
                0xfe02c7bc      0x1bc drivers/mtd/nand/libnand.o
 .text.write_bbt
                0xfe02c978      0x794 drivers/mtd/nand/libnand.o
 .text.verify_bbt_descr
                0xfe02d10c      0x240 drivers/mtd/nand/libnand.o
 .text.check_pattern
                0xfe02d34c      0x260 drivers/mtd/nand/libnand.o
 .text.create_bbt
                0xfe02d5ac      0x4a8 drivers/mtd/nand/libnand.o
 .text.search_bbt
                0xfe02da54      0x2f4 drivers/mtd/nand/libnand.o
 .text.nand_update_bbt
                0xfe02dd48      0x1d8 drivers/mtd/nand/libnand.o
                0xfe02dd48                nand_update_bbt
 .text.mark_bbt_region
                0xfe02df20      0x298 drivers/mtd/nand/libnand.o
 .text.nand_scan_bbt
                0xfe02e1b8      0x594 drivers/mtd/nand/libnand.o
                0xfe02e1b8                nand_scan_bbt
 .text.nand_default_bbt
                0xfe02e74c      0x154 drivers/mtd/nand/libnand.o
                0xfe02e74c                nand_default_bbt
 .text.nand_isbad_bbt
                0xfe02e8a0       0x6c drivers/mtd/nand/libnand.o
                0xfe02e8a0                nand_isbad_bbt
 .text.check_skip_len
                0xfe02e90c      0x148 drivers/mtd/nand/libnand.o
 .text.nand_erase_opts
                0xfe02ea54      0x400 drivers/mtd/nand/libnand.o
                0xfe02ea54                nand_erase_opts
 .text.nand_write_skip_bad
                0xfe02ee54      0x268 drivers/mtd/nand/libnand.o
                0xfe02ee54                nand_write_skip_bad
 .text.nand_read_skip_bad
                0xfe02f0bc      0x26c drivers/mtd/nand/libnand.o
                0xfe02f0bc                nand_read_skip_bad
 .text.nand_calculate_ecc
                0xfe02f328      0x15c drivers/mtd/nand/libnand.o
                0xfe02f328                nand_calculate_ecc
 .text.nand_correct_data
                0xfe02f484      0x130 drivers/mtd/nand/libnand.o
                0xfe02f484                nand_correct_data
 .text.nand_release_device
                0xfe02f5b4       0x30 drivers/mtd/nand/libnand.o
 .text.nand_read_byte
                0xfe02f5e4       0x20 drivers/mtd/nand/libnand.o
                0xfe02f5e4                nand_read_byte
 .text.nand_read_byte16
                0xfe02f604       0x28 drivers/mtd/nand/libnand.o
 .text.nand_read_word
                0xfe02f62c       0x20 drivers/mtd/nand/libnand.o
 .text.nand_write_buf
                0xfe02f64c       0x2c drivers/mtd/nand/libnand.o
                0xfe02f64c                nand_write_buf
 .text.nand_read_buf
                0xfe02f678       0x34 drivers/mtd/nand/libnand.o
                0xfe02f678                nand_read_buf
 .text.nand_verify_buf
                0xfe02f6ac       0x90 drivers/mtd/nand/libnand.o
 .text.nand_write_buf16
                0xfe02f73c       0x3c drivers/mtd/nand/libnand.o
                0xfe02f73c                nand_write_buf16
 .text.nand_read_buf16
                0xfe02f778       0x44 drivers/mtd/nand/libnand.o
                0xfe02f778                nand_read_buf16
 .text.nand_verify_buf16
                0xfe02f7bc       0x98 drivers/mtd/nand/libnand.o
 .text.nand_check_wp
                0xfe02f854       0x84 drivers/mtd/nand/libnand.o
 .text.nand_get_device
                0xfe02f8d8        0xc drivers/mtd/nand/libnand.o
 .text.nand_read_page_raw
                0xfe02f8e4       0x6c drivers/mtd/nand/libnand.o
 .text.nand_read_page_raw_syndrome
                0xfe02f950      0x13c drivers/mtd/nand/libnand.o
 .text.nand_read_page_swecc
                0xfe02fa8c      0x178 drivers/mtd/nand/libnand.o
 .text.nand_read_subpage
                0xfe02fc04      0x330 drivers/mtd/nand/libnand.o
 .text.nand_read_page_hwecc
                0xfe02ff34      0x1b0 drivers/mtd/nand/libnand.o
 .text.nand_read_page_hwecc_oob_first
                0xfe0300e4      0x1b8 drivers/mtd/nand/libnand.o
 .text.nand_read_page_syndrome
                0xfe03029c      0x1a4 drivers/mtd/nand/libnand.o
 .text.nand_read_oob_std
                0xfe030440       0x88 drivers/mtd/nand/libnand.o
 .text.nand_read_oob_syndrome
                0xfe0304c8      0x184 drivers/mtd/nand/libnand.o
 .text.nand_write_oob_std
                0xfe03064c       0xc8 drivers/mtd/nand/libnand.o
 .text.nand_write_oob_syndrome
                0xfe030714      0x240 drivers/mtd/nand/libnand.o
 .text.nand_write_page_raw
                0xfe030954       0x68 drivers/mtd/nand/libnand.o
 .text.nand_write_page_raw_syndrome
                0xfe0309bc      0x138 drivers/mtd/nand/libnand.o
 .text.nand_write_page_swecc
                0xfe030af4      0x118 drivers/mtd/nand/libnand.o
 .text.nand_write_page_hwecc
                0xfe030c0c      0x138 drivers/mtd/nand/libnand.o
 .text.nand_write_page_syndrome
                0xfe030d44      0x164 drivers/mtd/nand/libnand.o
 .text.single_erase_cmd
                0xfe030ea8       0x70 drivers/mtd/nand/libnand.o
 .text.multi_erase_cmd
                0xfe030f18       0xd0 drivers/mtd/nand/libnand.o
 .text.nand_sync
                0xfe030fe8       0x40 drivers/mtd/nand/libnand.o
 .text.nand_select_chip
                0xfe031028       0x78 drivers/mtd/nand/libnand.o
 .text.nand_block_checkbad
                0xfe0310a0       0xcc drivers/mtd/nand/libnand.o
 .text.nand_block_isbad
                0xfe03116c       0x50 drivers/mtd/nand/libnand.o
 .text.nand_block_markbad
                0xfe0311bc       0x88 drivers/mtd/nand/libnand.o
 .text.nand_write_page
                0xfe031244      0x168 drivers/mtd/nand/libnand.o
 .text.nand_block_bad
                0xfe0313ac      0x200 drivers/mtd/nand/libnand.o
 .text.nand_fill_oob
                0xfe0315ac      0x170 drivers/mtd/nand/libnand.o
 .text.nand_do_write_oob
                0xfe03171c      0x29c drivers/mtd/nand/libnand.o
 .text.nand_do_write_ops
                0xfe0319b8      0x3e8 drivers/mtd/nand/libnand.o
 .text.nand_write_oob
                0xfe031da0      0x114 drivers/mtd/nand/libnand.o
 .text.nand_write
                0xfe031eb4      0x110 drivers/mtd/nand/libnand.o
 .text.nand_transfer_oob
                0xfe031fc4      0x170 drivers/mtd/nand/libnand.o
 .text.nand_default_block_markbad
                0xfe032134      0x240 drivers/mtd/nand/libnand.o
 .text.nand_wait
                0xfe032374      0x13c drivers/mtd/nand/libnand.o
 .text.nand_wait_ready
                0xfe0324b0       0x84 drivers/mtd/nand/libnand.o
                0xfe0324b0                nand_wait_ready
 .text.nand_do_read_ops
                0xfe032534      0x48c drivers/mtd/nand/libnand.o
 .text.nand_read_oob
                0xfe0329c0      0x3c0 drivers/mtd/nand/libnand.o
 .text.nand_read
                0xfe032d80      0x110 drivers/mtd/nand/libnand.o
 .text.nand_command
                0xfe032e90      0x25c drivers/mtd/nand/libnand.o
 .text.nand_command_lp
                0xfe0330ec      0x300 drivers/mtd/nand/libnand.o
 .text.nand_erase_nand
                0xfe0333ec      0x54c drivers/mtd/nand/libnand.o
                0xfe0333ec                nand_erase_nand
 .text.nand_erase
                0xfe033938       0x24 drivers/mtd/nand/libnand.o
 .text.nand_scan_ident
                0xfe03395c      0x8fc drivers/mtd/nand/libnand.o
                0xfe03395c                nand_scan_ident
 .text.nand_scan_tail
                0xfe034258      0x5dc drivers/mtd/nand/libnand.o
                0xfe034258                nand_scan_tail
 .text.set_addr
                0xfe034834       0xcc drivers/mtd/nand/libnand.o
 .text.fsl_elbc_do_read
                0xfe034900       0x6c drivers/mtd/nand/libnand.o
 .text.fsl_elbc_select_chip
                0xfe03496c        0x4 drivers/mtd/nand/libnand.o
 .text.fsl_elbc_verify_buf
                0xfe034970      0x14c drivers/mtd/nand/libnand.o
 .text.fsl_elbc_read_byte
                0xfe034abc       0x7c drivers/mtd/nand/libnand.o
 .text.fsl_elbc_run_command
                0xfe034b38      0x150 drivers/mtd/nand/libnand.o
 .text.fsl_elbc_wait
                0xfe034c88       0xe4 drivers/mtd/nand/libnand.o
 .text.fsl_elbc_cmdfunc
                0xfe034d6c      0x3bc drivers/mtd/nand/libnand.o
 .text.fsl_elbc_read_buf
                0xfe035128       0xac drivers/mtd/nand/libnand.o
 .text.fsl_elbc_read_page
                0xfe0351d4       0x7c drivers/mtd/nand/libnand.o
 .text.fsl_elbc_write_buf
                0xfe035250       0xec drivers/mtd/nand/libnand.o
 .text.fsl_elbc_write_page
                0xfe03533c       0x58 drivers/mtd/nand/libnand.o
 .text.board_nand_init
                0xfe035394      0x2bc drivers/mtd/nand/libnand.o
                0xfe035394                board_nand_init
 .text.wait_for_eepro100
                0xfe035650       0x60 drivers/net/libnet.o
 .text.read_eeprom
                0xfe0356b0      0x188 drivers/net/libnet.o
 .text.init_rx_ring
                0xfe035838       0xfc drivers/net/libnet.o
 .text.eepro100_recv
                0xfe035934      0x22c drivers/net/libnet.o
 .text.eepro100_halt
                0xfe035b60       0xc8 drivers/net/libnet.o
 .text.get_phyreg
                0xfe035c28       0xbc drivers/net/libnet.o
 .text.verify_phyaddr
                0xfe035ce4       0xbc drivers/net/libnet.o
 .text.eepro100_miiphy_write
                0xfe035da0      0x120 drivers/net/libnet.o
 .text.eepro100_miiphy_read
                0xfe035ec0       0xa0 drivers/net/libnet.o
 .text.eepro100_send
                0xfe035f60      0x280 drivers/net/libnet.o
 .text.eepro100_init
                0xfe0361e0      0x488 drivers/net/libnet.o
 .text.eepro100_initialize
                0xfe036668      0x2a4 drivers/net/libnet.o
                0xfe036668                eepro100_initialize
 .text.fsl_pq_mdio_reset
                0xfe03690c       0x3c drivers/net/libnet.o
 .text.tsec_local_mdio_write
                0xfe036948       0x4c drivers/net/libnet.o
                0xfe036948                tsec_local_mdio_write
 .text.tsec_phy_write
                0xfe036994       0x28 drivers/net/libnet.o
                0xfe036994                tsec_phy_write
 .text.tsec_local_mdio_read
                0xfe0369bc       0x70 drivers/net/libnet.o
                0xfe0369bc                tsec_local_mdio_read
 .text.tsec_phy_read
                0xfe036a2c       0x24 drivers/net/libnet.o
                0xfe036a2c                tsec_phy_read
 .text.fsl_pq_mdio_init
                0xfe036a50       0x90 drivers/net/libnet.o
                0xfe036a50                fsl_pq_mdio_init
 .text.tsec_send
                0xfe036ae0      0x120 drivers/net/libnet.o
 .text.tsec_recv
                0xfe036c00      0x184 drivers/net/libnet.o
 .text.tsec_halt
                0xfe036d84       0xa8 drivers/net/libnet.o
 .text.tsec_init
                0xfe036e2c      0x414 drivers/net/libnet.o
 .text.tsec_eth_init
                0xfe037240      0x37c drivers/net/libnet.o
                0xfe037240                tsec_eth_init
 .text.tsec_standard_init
                0xfe0375bc       0x64 drivers/net/libnet.o
                0xfe0375bc                tsec_standard_init
 .text.genphy_shutdown
                0xfe037620        0x8 drivers/net/phy/libphy.o
                0xfe037620                genphy_shutdown
 .text.genphy_config_advert
                0xfe037628      0x198 drivers/net/phy/libphy.o
                0xfe037628                genphy_config_advert
 .text.genphy_setup_forced
                0xfe0377c0       0x7c drivers/net/phy/libphy.o
                0xfe0377c0                genphy_setup_forced
 .text.genphy_restart_aneg
                0xfe03783c       0x70 drivers/net/phy/libphy.o
                0xfe03783c                genphy_restart_aneg
 .text.genphy_config_aneg
                0xfe0378ac       0xb4 drivers/net/phy/libphy.o
                0xfe0378ac                genphy_config_aneg
 .text.genphy_config
                0xfe037960       0xf4 drivers/net/phy/libphy.o
                0xfe037960                genphy_config
 .text.genphy_update_link
                0xfe037a54      0x1b0 drivers/net/phy/libphy.o
                0xfe037a54                genphy_update_link
 .text.genphy_startup
                0xfe037c04      0x1d8 drivers/net/phy/libphy.o
                0xfe037c04                genphy_startup
 .text.phy_init
                0xfe037ddc       0x44 drivers/net/phy/libphy.o
                0xfe037ddc                phy_init
 .text.phy_register
                0xfe037e20       0x44 drivers/net/phy/libphy.o
                0xfe037e20                phy_register
 .text.phy_probe
                0xfe037e64       0x54 drivers/net/phy/libphy.o
                0xfe037e64                phy_probe
 .text.get_phy_driver
                0xfe037eb8       0x8c drivers/net/phy/libphy.o
                0xfe037eb8                get_phy_driver
 .text.phy_device_create
                0xfe037f44       0xe8 drivers/net/phy/libphy.o
                0xfe037f44                phy_device_create
 .text.get_phy_id
                0xfe03802c       0xbc drivers/net/phy/libphy.o
                0xfe03802c                get_phy_id
 .text.get_phy_device
                0xfe0380e8      0x130 drivers/net/phy/libphy.o
                0xfe0380e8                get_phy_device
 .text.phy_reset
                0xfe038218      0x108 drivers/net/phy/libphy.o
                0xfe038218                phy_reset
 .text.phy_connect
                0xfe038320       0xd4 drivers/net/phy/libphy.o
                0xfe038320                phy_connect
 .text.phy_startup
                0xfe0383f4       0x40 drivers/net/phy/libphy.o
                0xfe0383f4                phy_startup
 .text.__board_phy_config
                0xfe038434       0x40 drivers/net/phy/libphy.o
                0xfe038434                board_phy_config
 .text.phy_config
                0xfe038474       0x24 drivers/net/phy/libphy.o
                0xfe038474                phy_config
 .text.phy_shutdown
                0xfe038498       0x40 drivers/net/phy/libphy.o
                0xfe038498                phy_shutdown
 .text.ar8021_config
                0xfe0384d8       0x6c drivers/net/phy/libphy.o
 .text.phy_atheros_init
                0xfe038544       0x38 drivers/net/phy/libphy.o
                0xfe038544                phy_atheros_init
 .text.bcm54xx_parse_status
                0xfe03857c      0x104 drivers/net/phy/libphy.o
 .text.bcm54xx_startup
                0xfe038680       0x38 drivers/net/phy/libphy.o
 .text.bcm5482_config
                0xfe0386b8      0x164 drivers/net/phy/libphy.o
 .text.bcm5461_config
                0xfe03881c       0x38 drivers/net/phy/libphy.o
 .text.bcm5482_startup
                0xfe038854      0x19c drivers/net/phy/libphy.o
 .text.phy_broadcom_init
                0xfe0389f0       0x48 drivers/net/phy/libphy.o
                0xfe0389f0                phy_broadcom_init
 .text.dm9161_startup
                0xfe038a38       0x84 drivers/net/phy/libphy.o
 .text.dm9161_config
                0xfe038abc       0x94 drivers/net/phy/libphy.o
 .text.phy_davicom_init
                0xfe038b50       0x38 drivers/net/phy/libphy.o
                0xfe038b50                phy_davicom_init
 .text.lxt971_startup
                0xfe038b88       0xb4 drivers/net/phy/libphy.o
 .text.phy_lxt_init
                0xfe038c3c       0x38 drivers/net/phy/libphy.o
                0xfe038c3c                phy_lxt_init
 .text.m88e1011s_config
                0xfe038c74      0x11c drivers/net/phy/libphy.o
 .text.m88e1121_config
                0xfe038d90       0xfc drivers/net/phy/libphy.o
 .text.m88e1111s_config
                0xfe038e8c      0x3a0 drivers/net/phy/libphy.o
 .text.m88e1118_config
                0xfe03922c       0xdc drivers/net/phy/libphy.o
 .text.m88e1145_config
                0xfe039308      0x130 drivers/net/phy/libphy.o
 .text.m88e1149_config
                0xfe039438       0xdc drivers/net/phy/libphy.o
 .text.m88e1xxx_parse_status
                0xfe039514      0x1b0 drivers/net/phy/libphy.o
 .text.m88e1118_startup
                0xfe0396c4       0x5c drivers/net/phy/libphy.o
 .text.m88e1145_startup
                0xfe039720       0x58 drivers/net/phy/libphy.o
 .text.m88e1011s_startup
                0xfe039778       0x38 drivers/net/phy/libphy.o
 .text.phy_marvell_init
                0xfe0397b0       0x60 drivers/net/phy/libphy.o
                0xfe0397b0                phy_marvell_init
 .text.phy_micrel_init
                0xfe039810       0x40 drivers/net/phy/libphy.o
                0xfe039810                phy_micrel_init
 .text.dp83865_startup
                0xfe039850       0x9c drivers/net/phy/libphy.o
 .text.dp83865_config
                0xfe0398ec       0x58 drivers/net/phy/libphy.o
 .text.phy_natsemi_init
                0xfe039944       0x38 drivers/net/phy/libphy.o
                0xfe039944                phy_natsemi_init
 .text.rtl8211b_startup
                0xfe03997c      0x1a4 drivers/net/phy/libphy.o
 .text.rtl8211b_config
                0xfe039b20       0x58 drivers/net/phy/libphy.o
 .text.phy_realtek_init
                0xfe039b78       0x38 drivers/net/phy/libphy.o
                0xfe039b78                phy_realtek_init
 .text.cis8204_config
                0xfe039bb0       0xb4 drivers/net/phy/libphy.o
 .text.vitesse_config
                0xfe039c64       0x74 drivers/net/phy/libphy.o
 .text.vsc8601_config
                0xfe039cd8       0x24 drivers/net/phy/libphy.o
                0xfe039cd8                vsc8601_config
 .text.vitesse_startup
                0xfe039cfc       0x9c drivers/net/phy/libphy.o
 .text.phy_vitesse_init
                0xfe039d98       0x78 drivers/net/phy/libphy.o
                0xfe039d98                phy_vitesse_init
 .text.pci_hose_read_config_byte
                0xfe039e10       0x28 drivers/pci/libpci.o
                0xfe039e10                pci_hose_read_config_byte
 .text.pci_hose_read_config_word
                0xfe039e38       0x28 drivers/pci/libpci.o
                0xfe039e38                pci_hose_read_config_word
 .text.pci_hose_read_config_dword
                0xfe039e60       0x28 drivers/pci/libpci.o
                0xfe039e60                pci_hose_read_config_dword
 .text.pci_hose_write_config_byte
                0xfe039e88       0x28 drivers/pci/libpci.o
                0xfe039e88                pci_hose_write_config_byte
 .text.pci_hose_write_config_word
                0xfe039eb0       0x28 drivers/pci/libpci.o
                0xfe039eb0                pci_hose_write_config_word
 .text.pci_hose_write_config_dword
                0xfe039ed8       0x28 drivers/pci/libpci.o
                0xfe039ed8                pci_hose_write_config_dword
 .text.pci_register_hose
                0xfe039f00       0x5c drivers/pci/libpci.o
                0xfe039f00                pci_register_hose
 .text.pci_bus_to_hose
                0xfe039f5c       0x70 drivers/pci/libpci.o
                0xfe039f5c                pci_bus_to_hose
 .text.pci_write_config_dword
                0xfe039fcc       0x70 drivers/pci/libpci.o
                0xfe039fcc                pci_write_config_dword
 .text.pci_write_config_word
                0xfe03a03c       0x70 drivers/pci/libpci.o
                0xfe03a03c                pci_write_config_word
 .text.pci_write_config_byte
                0xfe03a0ac       0x70 drivers/pci/libpci.o
                0xfe03a0ac                pci_write_config_byte
 .text.pci_read_config_dword
                0xfe03a11c       0x78 drivers/pci/libpci.o
                0xfe03a11c                pci_read_config_dword
 .text.pci_read_config_word
                0xfe03a194       0x78 drivers/pci/libpci.o
                0xfe03a194                pci_read_config_word
 .text.pci_read_config_byte
                0xfe03a20c       0x78 drivers/pci/libpci.o
                0xfe03a20c                pci_read_config_byte
 .text.pci_last_busno
                0xfe03a284       0x54 drivers/pci/libpci.o
                0xfe03a284                pci_last_busno
 .text.pci_find_devices
                0xfe03a2d8      0x170 drivers/pci/libpci.o
                0xfe03a2d8                pci_find_devices
 .text.__pci_hose_phys_to_bus
                0xfe03a448       0xa8 drivers/pci/libpci.o
                0xfe03a448                __pci_hose_phys_to_bus
 .text.pci_hose_phys_to_bus
                0xfe03a4f0       0xb8 drivers/pci/libpci.o
                0xfe03a4f0                pci_hose_phys_to_bus
 .text.__pci_hose_bus_to_phys
                0xfe03a5a8       0xa8 drivers/pci/libpci.o
                0xfe03a5a8                __pci_hose_bus_to_phys
 .text.pci_hose_bus_to_phys
                0xfe03a650       0xb8 drivers/pci/libpci.o
                0xfe03a650                pci_hose_bus_to_phys
 .text.pci_class_str
                0xfe03a708      0x168 drivers/pci/libpci.o
                0xfe03a708                pci_class_str
 .text.__pci_skip_dev
                0xfe03a870       0x18 drivers/pci/libpci.o
                0xfe03a870                __pci_skip_dev
                0xfe03a870                pci_skip_dev
 .text.pci_hose_scan_bus
                0xfe03a888      0x18c drivers/pci/libpci.o
                0xfe03a888                pci_hose_scan_bus
 .text.pci_hose_scan
                0xfe03aa14       0x50 drivers/pci/libpci.o
                0xfe03aa14                pci_hose_scan
 .text.pci_init
                0xfe03aa64       0x3c drivers/pci/libpci.o
                0xfe03aa64                pci_init
 .text.pciauto_region_init
                0xfe03aaa0       0x18 drivers/pci/libpci.o
                0xfe03aaa0                pciauto_region_init
 .text.pciauto_region_align
                0xfe03aab8       0x1c drivers/pci/libpci.o
                0xfe03aab8                pciauto_region_align
 .text.pciauto_region_allocate
                0xfe03aad4       0x58 drivers/pci/libpci.o
                0xfe03aad4                pciauto_region_allocate
 .text.pciauto_setup_device
                0xfe03ab2c      0x250 drivers/pci/libpci.o
                0xfe03ab2c                pciauto_setup_device
 .text.pciauto_prescan_setup_bridge
                0xfe03ad7c      0x1cc drivers/pci/libpci.o
                0xfe03ad7c                pciauto_prescan_setup_bridge
 .text.pciauto_postscan_setup_bridge
                0xfe03af48      0x120 drivers/pci/libpci.o
                0xfe03af48                pciauto_postscan_setup_bridge
 .text.pciauto_config_init
                0xfe03b068      0x150 drivers/pci/libpci.o
                0xfe03b068                pciauto_config_init
 .text.pciauto_config_device
                0xfe03b1b8      0x17c drivers/pci/libpci.o
                0xfe03b1b8                pciauto_config_device
 .text.indirect_read_config_byte
                0xfe03b334       0x58 drivers/pci/libpci.o
 .text.indirect_read_config_word
                0xfe03b38c       0x58 drivers/pci/libpci.o
 .text.indirect_read_config_dword
                0xfe03b3e4       0x50 drivers/pci/libpci.o
 .text.indirect_write_config_byte
                0xfe03b434       0x4c drivers/pci/libpci.o
 .text.indirect_write_config_word
                0xfe03b480       0x4c drivers/pci/libpci.o
 .text.indirect_write_config_dword
                0xfe03b4cc       0x44 drivers/pci/libpci.o
 .text.pci_setup_indirect
                0xfe03b510       0x5c drivers/pci/libpci.o
                0xfe03b510                pci_setup_indirect
 .text.GregorianDay
                0xfe03b56c      0x13c drivers/rtc/librtc.o
                0xfe03b56c                GregorianDay
 .text.to_tm    0xfe03b6a8      0x170 drivers/rtc/librtc.o
                0xfe03b6a8                to_tm
 .text.rtc_write
                0xfe03b818       0x3c drivers/rtc/librtc.o
 .text.rtc_read
                0xfe03b854       0x38 drivers/rtc/librtc.o
 .text.rtc_get  0xfe03b88c      0x1e8 drivers/rtc/librtc.o
                0xfe03b88c                rtc_get
 .text.rtc_set  0xfe03ba74      0x1d8 drivers/rtc/librtc.o
                0xfe03ba74                rtc_set
 .text.rtc_reset
                0xfe03bc4c        0x4 drivers/rtc/librtc.o
                0xfe03bc4c                rtc_reset
 .text.NS16550_init
                0xfe03bc50       0x74 drivers/serial/libserial.o
                0xfe03bc50                NS16550_init
 .text.NS16550_reinit
                0xfe03bcc4       0x78 drivers/serial/libserial.o
                0xfe03bcc4                NS16550_reinit
 .text.NS16550_putc
                0xfe03bd3c       0x28 drivers/serial/libserial.o
                0xfe03bd3c                NS16550_putc
 .text.NS16550_getc
                0xfe03bd64       0x30 drivers/serial/libserial.o
                0xfe03bd64                NS16550_getc
 .text.NS16550_tstc
                0xfe03bd94       0x18 drivers/serial/libserial.o
                0xfe03bd94                NS16550_tstc
 .text.calc_divisor
                0xfe03bdac       0x20 drivers/serial/libserial.o
 .text.serial_init
                0xfe03bdcc       0x60 drivers/serial/libserial.o
                0xfe03bdcc                serial_init
 .text._serial_putc
                0xfe03be2c       0x7c drivers/serial/libserial.o
                0xfe03be2c                _serial_putc
 .text._serial_puts
                0xfe03bea8       0x5c drivers/serial/libserial.o
                0xfe03bea8                _serial_puts
 .text._serial_getc
                0xfe03bf04       0x40 drivers/serial/libserial.o
                0xfe03bf04                _serial_getc
 .text._serial_tstc
                0xfe03bf44       0x40 drivers/serial/libserial.o
                0xfe03bf44                _serial_tstc
 .text._serial_setbrg
                0xfe03bf84       0x58 drivers/serial/libserial.o
                0xfe03bf84                _serial_setbrg
 .text.serial_putc
                0xfe03bfdc       0x24 drivers/serial/libserial.o
                0xfe03bfdc                serial_putc
 .text.serial_puts
                0xfe03c000       0x24 drivers/serial/libserial.o
                0xfe03c000                serial_puts
 .text.serial_getc
                0xfe03c024       0x24 drivers/serial/libserial.o
                0xfe03c024                serial_getc
 .text.serial_tstc
                0xfe03c048       0x24 drivers/serial/libserial.o
                0xfe03c048                serial_tstc
 .text.serial_setbrg
                0xfe03c06c       0x24 drivers/serial/libserial.o
                0xfe03c06c                serial_setbrg
 .text.ehci_td_buffer
                0xfe03c090       0xd8 drivers/usb/host/libusb_host.o
 .text.handshake
                0xfe03c168       0xa8 drivers/usb/host/libusb_host.o
 .text.ehci_submit_async
                0xfe03c210      0x7c4 drivers/usb/host/libusb_host.o
 .text.__ehci_powerup_fixup